// Jest Snapshot v1, https://goo.gl/fbAQLP

exports[`MapProperties View ParcelPopupView renders correctly 1`] = `
<div
  className="parcelPopup container-fluid"
>
  <div
    className="row"
  >
    <div
      className="col"
    >
      <div
        className="list-group"
        onKeyDown={[Function]}
      >
        <div
          className="list-group-item"
          data-rb-event-key={null}
          disabled={false}
          onClick={[Function]}
        >
          <p
            className="label"
          >
            Name: 
          </p>
        </div>
        <div
          className="list-group-item"
          data-rb-event-key={null}
          disabled={false}
          onClick={[Function]}
        >
          <p
            className="label"
          >
            Description: 
          </p>
          test
        </div>
      </div>
      <div
        className="list-group"
        onKeyDown={[Function]}
      >
        <div
          className="list-group-item"
          data-rb-event-key={null}
          disabled={false}
          onClick={[Function]}
        >
          <p
            className="label"
          >
            Assessed Value: 
          </p>
          $
        </div>
      </div>
      <div
        className="list-group"
        onKeyDown={[Function]}
      >
        <div
          className="list-group-item"
          data-rb-event-key={null}
          disabled={false}
          onClick={[Function]}
        >
          <div>
            <p
              className="label"
            >
              Address: 
            </p>
            1234 mock Street
          </div>
          <div>
            
            , 
             
            V1V1V1
          </div>
        </div>
        <div
          className="list-group-item"
          data-rb-event-key={null}
          disabled={false}
          onClick={[Function]}
        >
          <p
            className="label"
          >
            PID: 
          </p>
           
          000-000-000
        </div>
        
      </div>
      <div
        className="list-group"
        onKeyDown={[Function]}
      >
        <div
          className="list-group-item"
          data-rb-event-key={null}
          disabled={false}
          onClick={[Function]}
        >
          <p
            className="label"
          >
            Agency: 
          </p>
          FIN
        </div>
        <div
          className="list-group-item"
          data-rb-event-key={null}
          disabled={false}
          onClick={[Function]}
        >
          <p
            className="label"
          >
            Classification: 
          </p>
          Core Operational
        </div>
      </div>
    </div>
    <div
      className="col"
    >
      <a
        href="/submitProperty/1?disabled=true"
        onClick={[Function]}
      >
        View
      </a>
      <a
        href="/submitProperty/1"
        onClick={[Function]}
        style={
          Object {
            "paddingLeft": "5px",
          }
        }
      >
        Update
      </a>
    </div>
  </div>
</div>
`;
