// Vitest Snapshot v1

exports[`Edit user page > EditUserPage renders 1`] = `
<div>
  <nav
    class="navBar navbar navbar-expand-sm navbar-light bg-light"
  >
    <a
      class="navbar-brand"
      href="#"
      style="margin-left: 10px;"
    >
      User Information
    </a>
  </nav>
  <div
    class="container-fluid"
  >
    <div
      class="user-edit-form-container row"
    >
      <form
        class="userInfo"
        novalidate=""
      >
        <br />
        <p>
          User has not logged in since the upgrade from Keycloak Silver to Gold.
        </p>
        <p>
          Last login was: 
          <b />
        </p>
        <p>
          User must log in before changes can be made!
        </p>
        <div
          class="justify-content-md-center row"
        >
          <div
            class="col"
          >
            <div
              class="cancelSave btn-toolbar"
              role="toolbar"
            >
              <button
                class="btn btn-secondary"
                style="margin-right: 10px;"
                type="button"
              >
                Cancel
              </button>
            </div>
          </div>
          <div
            class="col"
          />
        </div>
        <hr />
      </form>
    </div>
  </div>
</div>
`;
