// Jest Snapshot v1, https://goo.gl/fbAQLP

exports[`Parcel Detail MapSideBarContainer basic data loading and display Empty parcel sidebar matches snapshot 1`] = `
<div
  class="Toastify"
/>
`;

exports[`Parcel Detail MapSideBarContainer basic data loading and display parcel sidebar snapshot loads by id 1`] = `
<div
  class="Toastify"
/>
`;

exports[`Parcel Detail MapSideBarContainer basic data loading and display sidebar is hidden 1`] = `
<div
  class="Toastify"
/>
`;
