// Jest Snapshot v1, https://goo.gl/fbAQLP

exports[`sub-form BuildingForm functionality loads initial building data 1`] = `
<form
  action="#"
  onReset={[Function]}
  onSubmit={[Function]}
>
  <div
    className="buildingForm form-row"
    style={
      Object {
        "marginBottom": 0,
      }
    }
  >
    <div
      className="addressForm col-md-6"
    >
      <div
        className="form-row"
      >
        <label
          className="form-label col-form-label col-md-2"
        >
          Street Address
        </label>
        <div
          className="col-md-10 form-group"
        >
          <input
            className="form-control"
            id="input-address.line1"
            name="address.line1"
            onBlur={[Function]}
            onChange={[Function]}
            value="line1"
          />
        </div>
      </div>
      <div
        className="form-row"
      >
        <label
          className="form-label col-form-label col-md-2"
        >
          City
        </label>
        <div
          className="AutoCompleteText"
        >
          <div
            className="form-group"
          >
            <input
              autoComplete="new-password"
              className="form-control"
              id="input-address.cityId"
              name="address.cityId"
              onChange={[Function]}
              required={true}
              value="city"
            />
          </div>
        </div>
      </div>
      <div
        className="form-row"
      >
        <label
          className="form-label col-form-label col-md-2"
        >
          Province
        </label>
        <div
          className="col-md-10 form-group"
        >
          <select
            className="form-select form-control"
            disabled={true}
            id="input-address.provinceId"
            name="address.provinceId"
            onChange={[Function]}
            value="2"
          >
            <option
              value=""
            >
              Must Select One
            </option>
            <option
              className="option"
              value="2"
            >
              test province
            </option>
          </select>
        </div>
      </div>
      <div
        className="form-row"
      >
        <label
          className="form-label col-form-label col-md-2"
        >
          Postal
        </label>
        <div
          className="col-md-10 form-group"
        >
          <input
            className="form-control"
            id="input-address.postal"
            name="address.postal"
            onBlur={[Function]}
            onChange={[Function]}
            value="v8x3P5"
          />
        </div>
      </div>
    </div>
    <div
      className="col-md-6"
    >
      <div
        className="form-row"
      >
        <label
          className="form-label col-form-label col-md-2"
        >
          Type of Construction
        </label>
        <div
          className="col-md-10 form-group"
        >
          <select
            className="form-control"
            id="input-buildingConstructionTypeId"
            name="buildingConstructionTypeId"
            onBlur={[Function]}
            onChange={[Function]}
            type="number"
            value={4}
          >
            <option
              value=""
            >
              Must Select One
            </option>
            <option
              value="4"
            >
              construction test type
            </option>
          </select>
        </div>
      </div>
      <div
        className="form-row"
      >
        <label
          className="form-label col-form-label col-md-2"
        >
          Rentable Area
        </label>
        <div
          className="input-group col-md-7"
        >
          <div
            className="input-group-content"
          >
            <div
              className="form-group"
            >
              <input
                className="form-control"
                id="input-rentableArea"
                name="rentableArea"
                onBlur={[Function]}
                onChange={[Function]}
                type="number"
                value={12}
              />
            </div>
          </div>
          <div
            className="input-group-append"
          >
            <span
              className="input-group-text"
            >
              Sq. Ft
            </span>
          </div>
        </div>
      </div>
      <div
        className="form-row"
      >
        <label
          className="form-label col-form-label col-md-2"
        >
          Number of Floors
        </label>
        <div
          className="col-md-10 form-group"
        >
          <input
            className="form-control"
            id="input-buildingFloorCount"
            name="buildingFloorCount"
            onBlur={[Function]}
            onChange={[Function]}
            type="number"
            value={5}
          />
        </div>
      </div>
      <div
        className="form-row"
      >
        <label
          className="form-label col-form-label col-md-2"
        >
          Predominate Use
        </label>
        <div
          className="col-md-10 form-group"
        >
          <select
            className="form-control"
            id="input-buildingPredominateUseId"
            name="buildingPredominateUseId"
            onBlur={[Function]}
            onChange={[Function]}
            type="number"
            value={7}
          >
            <option
              value=""
            >
              Must Select One
            </option>
            <option
              value="7"
            >
              predominate use test type
            </option>
          </select>
        </div>
      </div>
    </div>
  </div>
  <div
    className="form-row"
  >
    <div
      className="col-md-6"
    >
      <div
        className="form-row"
      >
        <label
          className="form-label col-form-label col-md-2"
        >
          Latitude
        </label>
        <div
          className="col-md-10 form-group"
        >
          <input
            className="form-control"
            id="input-latitude"
            name="latitude"
            onBlur={[Function]}
            onChange={[Function]}
            type="number"
            value={9}
          />
        </div>
      </div>
      <div
        className="form-row"
      >
        <label
          className="form-label col-form-label col-md-2"
        >
          Longitude
        </label>
        <div
          className="col-md-10 form-group"
        >
          <input
            className="form-control"
            id="input-longitude"
            name="longitude"
            onBlur={[Function]}
            onChange={[Function]}
            type="number"
            value={10}
          />
        </div>
      </div>
    </div>
    <div
      className="col-md-6"
    >
      <div
        className="form-row"
      >
        <label
          className="form-label col-form-label col-md-2"
        >
          RAEG or SPP
        </label>
        <div
          className="col-md-10 form-group"
        >
          <input
            className="form-control"
            disabled={true}
            id="input-projectNumber"
            name="projectNumber"
            onBlur={[Function]}
            onChange={[Function]}
            value="projectNumber"
          />
        </div>
      </div>
      <div
        className="form-row"
      >
        <label
          className="form-label col-form-label col-md-2"
        >
          Classification
        </label>
        <div
          className="col-md-10 form-group"
        >
          <select
            className="form-control"
            id="input-classificationId"
            name="classificationId"
            onBlur={[Function]}
            onChange={[Function]}
            type="number"
            value={16}
          >
            <option
              value=""
            >
              Must Select One
            </option>
            <option
              value="16"
            >
              classification test
            </option>
          </select>
        </div>
      </div>
    </div>
  </div>
  <h4>
    Tenancy
  </h4>
  <div
    className="buildingTenancy form-row"
  >
    <div
      className="col-md-6"
    >
      <div
        className="form-row"
      >
        <label
          className="form-label col-form-label col-md-2"
        >
          Type of Current Occupant
        </label>
        <div
          className="col-md-10 form-group"
        >
          <select
            className="form-control"
            id="input-buildingOccupantTypeId"
            name="buildingOccupantTypeId"
            onBlur={[Function]}
            onChange={[Function]}
            type="number"
            value={6}
          >
            <option
              value=""
            >
              Must Select One
            </option>
            <option
              value="6"
            >
              occupent type test
            </option>
          </select>
        </div>
      </div>
      <div
        className="form-row"
      >
        <label
          className="form-label col-form-label col-md-2"
        >
          Lease to be transferred with land
        </label>
        <div
          className="col-md-10 form-group"
        >
          <div
            className="form-check"
          >
            <input
              className="form-check-input position-static"
              defaultChecked={true}
              disabled={false}
              id="input-transferLeaseOnSale"
              name="transferLeaseOnSale"
              onChange={[Function]}
              type="checkbox"
              value={true}
            />
          </div>
        </div>
      </div>
      <div
        className="form-row"
      >
        <label
          className="form-label col-form-label col-md-2"
        >
          Date Lease Expires
        </label>
        <div
          className="col-md-10 form-group"
        >
          <span
            className=""
          />
          <div
            className="react-datepicker-wrapper"
          >
            <div
              className="react-datepicker__input-container"
            >
              <input
                autoComplete="off"
                className="form-control date-picker"
                disabled={false}
                name="leaseExpiry"
                onBlur={[Function]}
                onChange={[Function]}
                onClick={[Function]}
                onFocus={[Function]}
                onKeyDown={[Function]}
                placeholder="--/--/----"
                readOnly={false}
                type="text"
                value="01/01/2020"
              />
            </div>
          </div>
        </div>
      </div>
    </div>
    <div
      className="col-md-6"
    >
      <div
        className="form-row"
      >
        <label
          className="form-label col-form-label col-md-2"
        >
          Tenancy %
        </label>
        <div
          className="col-md-10 form-group"
        >
          <input
            className="form-control"
            id="input-buildingTenancy"
            name="buildingTenancy"
            onBlur={[Function]}
            onChange={[Function]}
            value="buildingTenancy"
          />
        </div>
      </div>
      <div
        className="form-row"
      >
        <label
          className="form-label col-form-label col-md-2"
        >
          Occupant Name
        </label>
        <div
          className="col-md-10 form-group"
        >
          <input
            className="form-control"
            id="input-occupantName"
            name="occupantName"
            onBlur={[Function]}
            onChange={[Function]}
            value="occupantName"
          />
        </div>
      </div>
      <div
        className="form-row"
      >
        <label
          className="form-label col-form-label col-md-2"
        >
          Sensitive Building
        </label>
        <div
          className="form-group"
        >
          <div
            className="col-md-10 form-check"
          >
            <input
              className="form-check-input position-static"
              disabled={false}
              id="input-sensitiveBuilding"
              name="sensitiveBuilding"
              onChange={[Function]}
              type="checkbox"
            />
          </div>
        </div>
      </div>
    </div>
  </div>
  <div
    className="row no-gutters"
  >
    <div
      className="col"
    >
      <h4>
        Building Valuation Information
      </h4>
      <div
        className="evaluationForm form-row"
      >
        <div
          className="row no-gutters"
        >
          <div
            className="col-md-3"
          >
            <h6>
              Assessed
            </h6>
            <table
              className="table table-bordered"
            >
              <thead>
                <tr>
                  <td>
                    Year
                  </td>
                  <td>
                    Value
                  </td>
                </tr>
              </thead>
              <tbody>
                <tr>
                  <td>
                    <input
                      className="form-control"
                      disabled={true}
                      readOnly={true}
                      type="string"
                      value="2020"
                    />
                  </td>
                  <td>
                    <div
                      className="form-group"
                    >
                      <input
                        className="form-control"
                        name="financials.-1.value"
                        onBlur={[Function]}
                        onChange={[Function]}
                        placeholder="$0.00"
                        value=""
                      />
                    </div>
                  </td>
                </tr>
                <tr>
                  <td>
                    <input
                      className="form-control"
                      disabled={true}
                      readOnly={true}
                      type="string"
                      value="2019"
                    />
                  </td>
                  <td>
                    <div
                      className="form-group"
                    >
                      <input
                        className="form-control"
                        name="financials.-1.value"
                        onBlur={[Function]}
                        onChange={[Function]}
                        placeholder="$0.00"
                        value=""
                      />
                    </div>
                  </td>
                </tr>
              </tbody>
            </table>
          </div>
          <div
            className="col-md-3"
          >
            <h6>
              Appraised
            </h6>
            <table
              className="table table-bordered"
            >
              <thead>
                <tr>
                  <td>
                    Date
                  </td>
                  <td>
                    Value
                  </td>
                </tr>
              </thead>
              <tbody>
                <tr>
                  <td>
                    <div
                      className="form-group"
                    >
                      <span
                        className=""
                      />
                      <div
                        className="react-datepicker-wrapper"
                      >
                        <div
                          className="react-datepicker__input-container"
                        >
                          <input
                            autoComplete="off"
                            className="form-control date-picker"
                            disabled={false}
                            name="financials.-1.date"
                            onBlur={[Function]}
                            onChange={[Function]}
                            onClick={[Function]}
                            onFocus={[Function]}
                            onKeyDown={[Function]}
                            placeholder="--/--/----"
                            readOnly={false}
                            type="text"
                            value=""
                          />
                        </div>
                      </div>
                    </div>
                  </td>
                  <td>
                    <div
                      className="form-group"
                    >
                      <input
                        className="form-control"
                        name="financials.-1.value"
                        onBlur={[Function]}
                        onChange={[Function]}
                        placeholder="$0.00"
                        value=""
                      />
                    </div>
                  </td>
                </tr>
                <tr>
                  <td>
                    <div
                      className="form-group"
                    >
                      <span
                        className=""
                      />
                      <div
                        className="react-datepicker-wrapper"
                      >
                        <div
                          className="react-datepicker__input-container"
                        >
                          <input
                            autoComplete="off"
                            className="form-control date-picker"
                            disabled={false}
                            name="financials.-1.date"
                            onBlur={[Function]}
                            onChange={[Function]}
                            onClick={[Function]}
                            onFocus={[Function]}
                            onKeyDown={[Function]}
                            placeholder="--/--/----"
                            readOnly={false}
                            type="text"
                            value=""
                          />
                        </div>
                      </div>
                    </div>
                  </td>
                  <td>
                    <div
                      className="form-group"
                    >
                      <input
                        className="form-control"
                        name="financials.-1.value"
                        onBlur={[Function]}
                        onChange={[Function]}
                        placeholder="$0.00"
                        value=""
                      />
                    </div>
                  </td>
                </tr>
              </tbody>
            </table>
          </div>
          <div
            className="col-md-3"
          >
            <h6>
              NetBook
            </h6>
            <table
              className="table table-bordered"
            >
              <thead>
                <tr>
                  <td>
                    Fiscal Year
                  </td>
                  <td>
                    Value
                  </td>
                </tr>
              </thead>
              <tbody>
                <tr>
                  <td>
                    <input
                      className="form-control"
                      disabled={true}
                      readOnly={true}
                      type="string"
                      value="2019/2020"
                    />
                  </td>
                  <td>
                    <div
                      className="form-group"
                    >
                      <input
                        className="form-control"
                        name="financials.-1.value"
                        onBlur={[Function]}
                        onChange={[Function]}
                        placeholder="$0.00"
                        value=""
                      />
                    </div>
                  </td>
                </tr>
                <tr>
                  <td>
                    <input
                      className="form-control"
                      disabled={true}
                      readOnly={true}
                      type="string"
                      value="2018/2019"
                    />
                  </td>
                  <td>
                    <div
                      className="form-group"
                    >
                      <input
                        className="form-control"
                        name="financials.-1.value"
                        onBlur={[Function]}
                        onChange={[Function]}
                        placeholder="$0.00"
                        value=""
                      />
                    </div>
                  </td>
                </tr>
              </tbody>
            </table>
          </div>
          <div
            className="col-md-3"
          >
            <h6>
              Estimated
            </h6>
            <table
              className="table table-bordered"
            >
              <thead>
                <tr>
                  <td>
                    Fiscal Year
                  </td>
                  <td>
                    Value
                  </td>
                </tr>
              </thead>
              <tbody>
                <tr>
                  <td>
                    <input
                      className="form-control"
                      disabled={true}
                      readOnly={true}
                      type="string"
                      value="2019/2020"
                    />
                  </td>
                  <td>
                    <div
                      className="form-group"
                    >
                      <input
                        className="form-control"
                        name="financials.-1.value"
                        onBlur={[Function]}
                        onChange={[Function]}
                        placeholder="$0.00"
                        value=""
                      />
                    </div>
                  </td>
                </tr>
                <tr>
                  <td>
                    <input
                      className="form-control"
                      disabled={true}
                      readOnly={true}
                      type="string"
                      value="2018/2019"
                    />
                  </td>
                  <td>
                    <div
                      className="form-group"
                    >
                      <input
                        className="form-control"
                        name="financials.-1.value"
                        onBlur={[Function]}
                        onChange={[Function]}
                        placeholder="$0.00"
                        value=""
                      />
                    </div>
                  </td>
                </tr>
              </tbody>
            </table>
          </div>
        </div>
        <ul
          className="pagination"
        >
          <li
            className="page-item disabled"
          >
            <a
              aria-disabled="true"
              className="page-link"
              onClick={[Function]}
              onKeyPress={[Function]}
              role="button"
              tabIndex="0"
            >
              &lt;
            </a>
          </li>
          <li
            className="page-item active"
          >
            <a
              aria-current="page"
              aria-label="Page 1 is your current page"
              className="page-link"
              onClick={[Function]}
              onKeyPress={[Function]}
              role="button"
              tabIndex="0"
            >
              1
            </a>
          </li>
          <li
            className="page-item"
          >
            <a
              aria-current={null}
              aria-label="Page 2"
              className="page-link"
              onClick={[Function]}
              onKeyPress={[Function]}
              role="button"
              tabIndex="0"
            >
              2
            </a>
          </li>
          <li
            className="page-item"
          >
            <a
              aria-current={null}
              aria-label="Page 3"
              className="page-link"
              onClick={[Function]}
              onKeyPress={[Function]}
              role="button"
              tabIndex="0"
            >
              3
            </a>
          </li>
          <li
            className="page-item"
          >
            <a
              aria-current={null}
              aria-label="Page 4"
              className="page-link"
              onClick={[Function]}
              onKeyPress={[Function]}
              role="button"
              tabIndex="0"
            >
              4
            </a>
          </li>
          <li
            className="page-item"
          >
            <a
              className="page-link"
              onClick={[Function]}
              onKeyPress={[Function]}
              role="button"
              tabIndex="0"
            >
              ...
            </a>
          </li>
          <li
            className="page-item"
          >
            <a
              aria-current={null}
              aria-label="Page 8"
              className="page-link"
              onClick={[Function]}
              onKeyPress={[Function]}
              role="button"
              tabIndex="0"
            >
              8
            </a>
          </li>
          <li
            className="page-item"
          >
            <a
              aria-current={null}
              aria-label="Page 9"
              className="page-link"
              onClick={[Function]}
              onKeyPress={[Function]}
              role="button"
              tabIndex="0"
            >
              9
            </a>
          </li>
          <li
            className="page-item"
          >
            <a
              aria-current={null}
              aria-label="Page 10"
              className="page-link"
              onClick={[Function]}
              onKeyPress={[Function]}
              role="button"
              tabIndex="0"
            >
              10
            </a>
          </li>
          <li
            className="page-item"
          >
            <a
              aria-disabled="false"
              className="page-link"
              onClick={[Function]}
              onKeyPress={[Function]}
              role="button"
              tabIndex="0"
            >
              &gt;
            </a>
          </li>
        </ul>
      </div>
    </div>
  </div>
  <button
    className="Button btn btn-primary"
    disabled={false}
    type="submit"
  >
    <div
      className="Button__value"
    >
      Submit
    </div>
  </button>
</form>
`;
