// Jest Snapshot v1, https://goo.gl/fbAQLP

exports[`Empty Header renders 1`] = `
.c0 {
  width: 100%;
  height: 100%;
  position: absolute;
  z-index: 999;
  left: 0;
  background-color: rgba(0, 0, 0, 0.4);
  display: flex;
  align-items: center;
  align-content: center;
  justify-items: center;
  justify-content: center;
}

<div
  class="login container-fluid"
>
  <div
    class="c0"
  >
    <div
      class="spinner-border text-warning"
    />
  </div>
  <div
    class="unauth container-fluid"
  >
    <img
      alt="PIMS logo"
      class="pims-logo"
      src="logo_with_text.png"
    />
    <div
      class="sign-in row"
    >
      <div
        class="col-md-3 col-1"
      />
      <div
        class="block col-md-6 col-16"
      >
        <h1>
          Search and visualize government property information
        </h1>
        <h6>
          PIMS enables you to search properties owned by the Government of British Columbia
        </h6>
        <p>
          The data provided can assist your agency in making informed, timely, and strategic decisions on the optimal use of real property assets on behalf of the people and priorities of British Columbia.
        </p>
        <button
          class="btn btn-primary"
          disabled=""
          type="button"
        >
          Sign In
        </button>
        <p>
          Sign into PIMS with your government issued IDIR or with your Business BCeID.
        </p>
        <div
          class="row"
        />
      </div>
      <div
        class="col-md-3 col-1"
      />
    </div>
  </div>
</div>
`;
