// Jest Snapshot v1, https://goo.gl/fbAQLP

exports[`sub-form BuildingForm functionality loads initial building data 1`] = `
"<form action=\\"#\\">
  <div style=\\"margin-bottom: 0px;\\" class=\\"buildingForm row no-gutters\\">
    <div class=\\"col-md-6\\">
      <div class=\\"form-row\\"><label class=\\"form-label\\">Name</label>
        <div class=\\"form-group\\"><input name=\\"name\\" id=\\"input-name\\" class=\\"form-control\\" value=\\"name\\"></div>
      </div>
      <div class=\\"form-row\\"><label class=\\"form-label\\">Description</label>
        <div class=\\"form-group\\"><textarea name=\\"description\\" id=\\"input-description\\" class=\\"form-control\\">description</textarea></div>
      </div>
      <div class=\\"form-row\\"><label class=\\"form-label\\">Classification</label>
        <div class=\\"form-group\\"><select name=\\"classificationId\\" type=\\"number\\" id=\\"input-classificationId-fast\\" class=\\"form-control\\">
            <option value=\\"\\">Must Select One</option>
            <option value=\\"16\\">classification test</option>
          </select></div>
      </div>
      <div class=\\"form-row\\"><label class=\\"form-label\\">Agency</label>
        <div class=\\"AutoCompleteText\\">
          <div class=\\"form-group\\">
            <div class=\\"input-area\\"><input name=\\"agencyId\\" id=\\"input-agencyId\\" class=\\"form-control\\" value=\\"\\"></div>
          </div>
        </div>
      </div>
    </div>
    <div class=\\"col-md-6\\">
      <div class=\\"field-row row\\">
        <p class=\\"label\\"><span class=\\"req\\">*</span>Street Address</p>
        <div class=\\"GeocoderAutoComplete\\">
          <div>
            <div class=\\"form-group\\"><input name=\\"address.line1\\" field=\\"address.line1\\" id=\\"input-address.line1\\" class=\\"form-control\\" value=\\"line1\\"></div>
          </div>
        </div>
      </div>
      <div class=\\"field-row row\\">
        <p class=\\"label\\"><span class=\\"req\\">*</span>Location</p>
        <div class=\\"sc-AxjAm gLmrxD form-group\\">
          <div class=\\"rbt\\" style=\\"outline: none; position: relative;\\" tabindex=\\"-1\\">
            <div style=\\"display: flex; flex: 1; height: 100%; position: relative;\\"><input autocomplete=\\"off\\" type=\\"text\\" name=\\"address.administrativeArea\\" id=\\"address.administrativeArea-field\\" aria-autocomplete=\\"both\\" aria-expanded=\\"false\\" aria-haspopup=\\"listbox\\" role=\\"combobox\\" class=\\"rbt-input-main form-control rbt-input\\" value=\\"Victoria\\"><input aria-hidden=\\"true\\" class=\\"rbt-input-hint\\" readonly=\\"\\" style=\\"background-color: transparent; border-color: transparent; box-shadow: none; color: rgba(0, 0, 0, 0.35); left: 0px; pointer-events: none; position: absolute; top: 0px; width: 100%; border-style: inset inset inset inset; border-width: 2px 2px 2px 2px; line-height: normal; padding: 1px 1px 1px 1px;\\" tabindex=\\"-1\\" value=\\"\\"></div>
          </div>
        </div>
      </div>
      <div class=\\"field-row row\\">
        <p class=\\"label\\">Province</p>
        <div class=\\"form-group\\"><select name=\\"address.provinceId\\" disabled=\\"\\" id=\\"input-address.provinceId\\" class=\\"form-select form-control\\">
            <option value=\\"\\">Must Select One</option>
            <option value=\\"2\\" class=\\"option\\">test province</option>
          </select></div>
      </div>
      <div class=\\"postal row\\">
        <p class=\\"label\\">Postal Code</p>
        <div class=\\"form-group\\"><input name=\\"address.postal\\" style=\\"width: 120px;\\" id=\\"input-address.postal\\" class=\\"input-small form-control\\" value=\\"v8x3P5\\"></div>
      </div>
      <div class=\\"lat-long\\" style=\\"position: relative;\\">
        <div class=\\"row\\">
          <div class=\\"col-md-9\\">
            <div class=\\"instruction\\">
              <p>Drag and drop the pin on the map to mark the location of this parcel, or if you already have the coordinates, you can enter them manually in the fields below.</p>
            </div>
          </div>
          <div class=\\"marker-svg col\\"><button class=\\"sc-fzoLsD gdPrCc\\"><svg class=\\"parcel-icon\\">draft-parcel-icon.svg</svg></button></div>
        </div>
        <div class=\\"form-row\\">
          <p class=\\"label\\"><span class=\\"req\\">*</span>Latitude</p>
          <div class=\\"form-group\\"><input name=\\"latitude\\" type=\\"number\\" id=\\"input-latitude\\" class=\\"input-medium form-control\\" value=\\"9\\"></div>
        </div>
        <div class=\\"form-row\\">
          <p class=\\"label\\"><span class=\\"req\\">*</span>Longitude</p>
          <div class=\\"form-group\\"><input name=\\"longitude\\" type=\\"number\\" id=\\"input-longitude\\" class=\\"input-medium form-control\\" value=\\"10\\"></div>
        </div>
      </div>
    </div>
  </div>
  <div class=\\"scroll\\">
    <h4>Information</h4>
    <div class=\\"row no-gutters\\">
      <div class=\\"col-md-6\\">
        <div class=\\"form-row\\"><label class=\\"required form-label\\">Predominate Use</label>
          <div class=\\"form-group\\"><select name=\\"buildingPredominateUseId\\" type=\\"number\\" id=\\"input-buildingPredominateUseId-fast\\" class=\\"form-control\\">
              <option value=\\"\\">Must Select One</option>
              <option value=\\"7\\">predominate use test type</option>
            </select></div>
        </div>
        <div class=\\"form-row\\"><label class=\\"required form-label\\">Type of Construction</label>
          <div class=\\"form-group\\"><select name=\\"buildingConstructionTypeId\\" type=\\"number\\" id=\\"input-buildingConstructionTypeId-fast\\" class=\\"form-control\\">
              <option value=\\"\\">Must Select One</option>
              <option value=\\"4\\">construction test type</option>
            </select></div>
        </div>
      </div>
      <div class=\\"col-md-6\\">
        <div class=\\"form-row\\"><label class=\\"required form-label\\">Rentable Area</label>
          <div class=\\"input-group\\">
            <div class=\\"input-group-content\\">
              <div class=\\"form-group\\"><input name=\\"rentableArea\\" type=\\"number\\" id=\\"input-rentableArea\\" class=\\"form-control\\" value=\\"12\\"></div>
            </div>
            <div class=\\"input-group-append\\"><span class=\\"input-group-text\\">Sq. Ft</span></div>
          </div>
        </div>
        <div class=\\"form-row\\"><label class=\\"form-label\\">Number of Floors</label>
          <div class=\\"form-group\\"><input name=\\"buildingFloorCount\\" type=\\"number\\" id=\\"input-buildingFloorCount\\" class=\\"input-small form-control\\" value=\\"5\\"></div>
        </div>
      </div>
    </div>
    <h4>Tenancy</h4>
    <div class=\\"buildingTenancy row no-gutters\\">
      <div class=\\"col-md-6\\">
        <div class=\\"form-row\\"><label class=\\"required form-label\\">Type of Current Occupant</label>
          <div class=\\"form-group\\"><select name=\\"buildingOccupantTypeId\\" type=\\"number\\" id=\\"input-buildingOccupantTypeId-fast\\" class=\\"form-control\\">
              <option value=\\"\\">Must Select One</option>
              <option value=\\"6\\">occupent type test</option>
            </select></div>
        </div>
        <div class=\\"form-row\\"><label class=\\"form-label\\">Occupant Name</label>
          <div class=\\"form-group\\"><input name=\\"occupantName\\" id=\\"input-occupantName\\" class=\\"form-control\\" value=\\"occupantName\\"></div>
        </div>
      </div>
      <div class=\\"col-md-6\\">
        <div class=\\"form-row\\"><label class=\\"form-label\\">Tenancy %</label>
          <div class=\\"form-group\\"><input name=\\"buildingTenancy\\" id=\\"input-buildingTenancy\\" class=\\"form-control\\" value=\\"buildingTenancy\\"></div>
        </div>
        <div class=\\"form-row\\"><label class=\\"form-label\\">Date Lease Expires</label>
          <div class=\\"form-group\\">
            <div class=\\"react-datepicker-wrapper\\">
              <div class=\\"react-datepicker__input-container\\"><input type=\\"text\\" id=\\"datepicker-leaseExpiry\\" name=\\"leaseExpiry\\" placeholder=\\"--/--/----\\" autocomplete=\\"off\\" class=\\"form-control date-picker is-valid \\" value=\\"01/01/2020\\"></div>
            </div>
          </div>
          <div class=\\"form-group\\">
            <div class=\\"check-field\\">
              <div class=\\"form-check\\"><input name=\\"transferLeaseOnSale\\" type=\\"checkbox\\" id=\\"input-transferLeaseOnSale\\" class=\\"form-check-input position-static\\" value=\\"true\\" checked=\\"\\"></div><label class=\\"text-wrap form-label\\" for=\\"input-transferLeaseOnSale\\">Lease to be transferred with land</label>
            </div>
          </div>
        </div>
      </div>
    </div>
    <div class=\\"row no-gutters\\">
      <div class=\\"col\\">
        <h4>Building Valuation Information</h4>
        <div>
          <div role=\\"table\\" class=\\"table\\">
            <div class=\\"thead thead-light\\">
              <div role=\\"row\\" style=\\"display: flex; flex: 1 0 auto; min-width: 240px;\\" class=\\"tr\\">
                <div colspan=\\"4\\" role=\\"columnheader\\" style=\\"box-sizing: border-box; flex: 350 0 auto; min-width: 120px; width: 350px; justify-content: flex-start; text-align: left; align-items: center; display: flex;\\" class=\\"th\\">Assessed</div>
                <div colspan=\\"2\\" role=\\"columnheader\\" style=\\"box-sizing: border-box; flex: 150 0 auto; min-width: 60px; width: 150px; justify-content: flex-start; text-align: left; align-items: center; display: flex;\\" class=\\"th\\">Net Book Value</div>
                <div colspan=\\"2\\" role=\\"columnheader\\" style=\\"box-sizing: border-box; flex: 150 0 auto; min-width: 60px; width: 150px; justify-content: flex-start; text-align: left; align-items: center; display: flex;\\" class=\\"th\\">Estimated Market Value</div>
              </div>
              <div role=\\"row\\" style=\\"display: flex; flex: 1 0 auto; min-width: 240px;\\" class=\\"tr\\">
                <div colspan=\\"1\\" role=\\"columnheader\\" style=\\"box-sizing: border-box; flex: 50 0 auto; min-width: 30px; width: 50px; justify-content: flex-start; text-align: left; align-items: center; display: flex;\\" class=\\"th\\">Year</div>
                <div colspan=\\"1\\" role=\\"columnheader\\" style=\\"box-sizing: border-box; flex: 100 0 auto; min-width: 30px; width: 100px; justify-content: flex-start; text-align: left; align-items: center; display: flex;\\" class=\\"th\\">Land</div>
                <div colspan=\\"1\\" role=\\"columnheader\\" style=\\"box-sizing: border-box; flex: 100 0 auto; min-width: 30px; width: 100px; justify-content: flex-start; text-align: left; align-items: center; display: flex;\\" class=\\"th\\">Improvements</div>
                <div colspan=\\"1\\" role=\\"columnheader\\" style=\\"box-sizing: border-box; flex: 100 0 auto; min-width: 30px; width: 100px; justify-content: flex-start; text-align: left; align-items: center; display: flex;\\" class=\\"th\\">Total</div>
                <div colspan=\\"1\\" role=\\"columnheader\\" style=\\"box-sizing: border-box; flex: 50 0 auto; min-width: 30px; width: 50px; justify-content: flex-start; text-align: left; align-items: center; display: flex;\\" class=\\"th\\">Fiscal Year</div>
                <div colspan=\\"1\\" role=\\"columnheader\\" style=\\"box-sizing: border-box; flex: 100 0 auto; min-width: 30px; width: 100px; justify-content: flex-start; text-align: left; align-items: center; display: flex;\\" class=\\"th\\">Value</div>
                <div colspan=\\"1\\" role=\\"columnheader\\" style=\\"box-sizing: border-box; flex: 50 0 auto; min-width: 30px; width: 50px; justify-content: flex-start; text-align: left; align-items: center; display: flex;\\" class=\\"th\\">Fiscal Year</div>
                <div colspan=\\"1\\" role=\\"columnheader\\" style=\\"box-sizing: border-box; flex: 100 0 auto; min-width: 30px; width: 100px; justify-content: flex-start; text-align: left; align-items: center; display: flex;\\" class=\\"th\\">Value</div>
              </div>
            </div>
            <div role=\\"rowgroup\\" class=\\"tbody\\">
              <div class=\\"tr-wrapper\\">
                <div role=\\"row\\" style=\\"display: flex; flex: 1 0 auto; min-width: 240px;\\" class=\\"tr\\">
                  <div role=\\"cell\\" style=\\"box-sizing: border-box; flex: 50 0 auto; min-width: 30px; width: 50px; justify-content: flex-start; text-align: left; align-items: flex-start; display: flex;\\" title=\\"\\" class=\\"td\\">2021</div>
                  <div role=\\"cell\\" style=\\"box-sizing: border-box; flex: 100 0 auto; min-width: 30px; width: 100px; justify-content: flex-start; text-align: left; align-items: flex-start; display: flex;\\" title=\\"\\" class=\\"td\\">N/A</div>
                  <div role=\\"cell\\" style=\\"box-sizing: border-box; flex: 100 0 auto; min-width: 30px; width: 100px; justify-content: flex-start; text-align: left; align-items: flex-start; display: flex;\\" title=\\"\\" class=\\"td\\"></div>
                  <div role=\\"cell\\" style=\\"box-sizing: border-box; flex: 100 0 auto; min-width: 30px; width: 100px; justify-content: flex-start; text-align: left; align-items: flex-start; display: flex;\\" title=\\"\\" class=\\"td\\"></div>
                  <div role=\\"cell\\" style=\\"box-sizing: border-box; flex: 50 0 auto; min-width: 30px; width: 50px; justify-content: flex-start; text-align: left; align-items: flex-start; display: flex;\\" title=\\"\\" class=\\"td\\">20/21</div>
                  <div role=\\"cell\\" style=\\"box-sizing: border-box; flex: 100 0 auto; min-width: 30px; width: 100px; justify-content: flex-start; text-align: left; align-items: flex-start; display: flex;\\" title=\\"\\" class=\\"td\\">
                    <div class=\\"fast-currency-input form-group\\">
                      <div class=\\"input-tooltip-wrapper\\"><input name=\\"financials.0.netbook.value\\" class=\\"form-control\\" placeholder=\\"\\" value=\\"\\"></div>
                    </div>
                  </div>
                  <div role=\\"cell\\" style=\\"box-sizing: border-box; flex: 50 0 auto; min-width: 30px; width: 50px; justify-content: flex-start; text-align: left; align-items: flex-start; display: flex;\\" title=\\"\\" class=\\"td\\">20/21</div>
                  <div role=\\"cell\\" style=\\"box-sizing: border-box; flex: 100 0 auto; min-width: 30px; width: 100px; justify-content: flex-start; text-align: left; align-items: flex-start; display: flex;\\" title=\\"\\" class=\\"td\\">
                    <div class=\\"fast-currency-input form-group\\">
                      <div class=\\"input-tooltip-wrapper\\"><input name=\\"financials.0.market.value\\" class=\\"form-control\\" placeholder=\\"\\" value=\\"\\"></div>
                    </div>
                  </div>
                </div>
              </div>
              <div class=\\"tr-wrapper\\">
                <div role=\\"row\\" style=\\"display: flex; flex: 1 0 auto; min-width: 240px;\\" class=\\"tr\\">
                  <div role=\\"cell\\" style=\\"box-sizing: border-box; flex: 50 0 auto; min-width: 30px; width: 50px; justify-content: flex-start; text-align: left; align-items: flex-start; display: flex;\\" title=\\"\\" class=\\"td\\">2020</div>
                  <div role=\\"cell\\" style=\\"box-sizing: border-box; flex: 100 0 auto; min-width: 30px; width: 100px; justify-content: flex-start; text-align: left; align-items: flex-start; display: flex;\\" title=\\"\\" class=\\"td\\">
                    <div class=\\"fast-currency-input form-group\\">
                      <div class=\\"input-tooltip-wrapper\\"><input name=\\"financials.1.assessed.value\\" class=\\"form-control\\" placeholder=\\"\\" value=\\"\\"></div>
                    </div>
                  </div>
                  <div role=\\"cell\\" style=\\"box-sizing: border-box; flex: 100 0 auto; min-width: 30px; width: 100px; justify-content: flex-start; text-align: left; align-items: flex-start; display: flex;\\" title=\\"\\" class=\\"td\\"></div>
                  <div role=\\"cell\\" style=\\"box-sizing: border-box; flex: 100 0 auto; min-width: 30px; width: 100px; justify-content: flex-start; text-align: left; align-items: flex-start; display: flex;\\" title=\\"\\" class=\\"td\\"></div>
                  <div role=\\"cell\\" style=\\"box-sizing: border-box; flex: 50 0 auto; min-width: 30px; width: 50px; justify-content: flex-start; text-align: left; align-items: flex-start; display: flex;\\" title=\\"\\" class=\\"td\\">19/20</div>
                  <div role=\\"cell\\" style=\\"box-sizing: border-box; flex: 100 0 auto; min-width: 30px; width: 100px; justify-content: flex-start; text-align: left; align-items: flex-start; display: flex;\\" title=\\"\\" class=\\"td\\">
                    <div class=\\"fast-currency-input form-group\\">
                      <div class=\\"input-tooltip-wrapper\\"><input name=\\"financials.1.netbook.value\\" class=\\"form-control\\" placeholder=\\"\\" value=\\"\\"></div>
                    </div>
                  </div>
                  <div role=\\"cell\\" style=\\"box-sizing: border-box; flex: 50 0 auto; min-width: 30px; width: 50px; justify-content: flex-start; text-align: left; align-items: flex-start; display: flex;\\" title=\\"\\" class=\\"td\\">19/20</div>
                  <div role=\\"cell\\" style=\\"box-sizing: border-box; flex: 100 0 auto; min-width: 30px; width: 100px; justify-content: flex-start; text-align: left; align-items: flex-start; display: flex;\\" title=\\"\\" class=\\"td\\">
                    <div class=\\"fast-currency-input form-group\\">
                      <div class=\\"input-tooltip-wrapper\\"><input name=\\"financials.1.market.value\\" class=\\"form-control\\" placeholder=\\"\\" value=\\"\\"></div>
                    </div>
                  </div>
                </div>
              </div>
            </div>
          </div>
          <div class=\\"table-toolbar\\">
            <ul class=\\"pagination\\">
              <li class=\\"page-item disabled\\"><a class=\\"page-link\\" tabindex=\\"0\\" role=\\"button\\" aria-disabled=\\"true\\">&lt;</a></li>
              <li class=\\"page-item active\\"><a role=\\"button\\" class=\\"page-link\\" tabindex=\\"0\\" aria-label=\\"Page 1 is your current page\\" aria-current=\\"page\\">1</a></li>
              <li class=\\"page-item\\"><a role=\\"button\\" class=\\"page-link\\" tabindex=\\"0\\" aria-label=\\"Page 2\\">2</a></li>
              <li class=\\"page-item\\"><a role=\\"button\\" class=\\"page-link\\" tabindex=\\"0\\" aria-label=\\"Page 3\\">3</a></li>
              <li class=\\"page-item\\"><a role=\\"button\\" class=\\"page-link\\" tabindex=\\"0\\" aria-label=\\"Page 4\\">4</a></li>
              <li class=\\"page-item\\"><a role=\\"button\\" class=\\"page-link\\" tabindex=\\"0\\" aria-label=\\"Page 5\\">5</a></li>
              <li class=\\"page-item\\"><a role=\\"button\\" class=\\"page-link\\" tabindex=\\"0\\" aria-label=\\"Page 6\\">6</a></li>
              <li class=\\"page-item\\"><a class=\\"page-link\\" role=\\"button\\" tabindex=\\"0\\">...</a></li>
              <li class=\\"page-item\\"><a role=\\"button\\" class=\\"page-link\\" tabindex=\\"0\\" aria-label=\\"Page 9\\">9</a></li>
              <li class=\\"page-item\\"><a role=\\"button\\" class=\\"page-link\\" tabindex=\\"0\\" aria-label=\\"Page 10\\">10</a></li>
              <li class=\\"page-item\\"><a class=\\"page-link\\" tabindex=\\"0\\" role=\\"button\\" aria-disabled=\\"false\\">&gt;</a></li>
            </ul>
          </div>
        </div>
      </div>
    </div>
  </div><button type=\\"submit\\" class=\\"Button btn btn-primary\\">
    <div class=\\"Button__value\\">Submit</div>
  </button>
</form>"
`;
