// Jest Snapshot v1, https://goo.gl/fbAQLP

exports[`Approval Confirmation Matches Snapshot 1`] = `
<form
  class=""
>
  <h3>
    Approval
  </h3>
  <div
    class="form-row"
  >
    <div
      class="required form-group"
    >
      <div
        class="check-field"
      >
        <div
          class="form-check"
        >
          <input
            class="form-check-input position-static"
            id="input-confirmation"
            name="confirmation"
            required=""
            type="checkbox"
            value="false"
          />
        </div>
        <label
          class="form-label"
          for="input-confirmation"
        >
          My Ministry/Agency has approval/authority to submit the Disposal Project to SRES for review.
        </label>
      </div>
    </div>
  </div>
  <button>
    Submit
  </button>
</form>
`;
