// Jest Snapshot v1, https://goo.gl/fbAQLP

exports[`renders GuestAccessPage correctly 1`] = `
<div
  className="container-fluid"
>
  <div
    className="row"
  >
    <div
      className="col"
    >
      <h1>
        Welcome to PIMS!
      </h1>
    </div>
  </div>
  <div
    className="row"
  >
    <div
      className="col"
    >
      <form
        action="#"
        onReset={[Function]}
        onSubmit={[Function]}
      >
        <div
          className="dropdown"
          onKeyDown={[Function]}
        >
          <button
            aria-expanded={false}
            aria-haspopup={true}
            className="dropdown-toggle map-filter-dropdown map-filter-dropdown-primary"
            disabled={false}
            id="dropdown-basic-button"
            onClick={[Function]}
            type="button"
          >
            Request access to Agency: 
          </button>
        </div>
        <div
          className="dropdown"
          onKeyDown={[Function]}
        >
          <button
            aria-expanded={false}
            aria-haspopup={true}
            className="dropdown-toggle map-filter-dropdown map-filter-dropdown-primary"
            disabled={false}
            id="dropdown-basic-button"
            onClick={[Function]}
            type="button"
          >
            Request access to Role: 
          </button>
        </div>
        <div>
          <button
            type="submit"
          >
            Submit
          </button>
        </div>
        <p>
          Your request has been submitted
        </p>
      </form>
    </div>
  </div>
</div>
`;
