// Jest Snapshot v1, https://goo.gl/fbAQLP

exports[`renders correctly 1`] = `
<div
  className="DocumentationStep container-fluid"
>
  <form
    className=""
    noValidate={true}
    onSubmit={[Function]}
  >
    <h3>
      Documentation
    </h3>
    <div
      className="tasksForm form-row"
    >
      <div
        className="form-group"
      >
        <div
          className="check-field"
        >
          <div
            className="form-check"
          >
            <input
              className="form-check-input position-static"
              defaultChecked={true}
              disabled={true}
              id="input-tasks.0.isCompleted"
              name="tasks.0.isCompleted"
              onChange={[Function]}
              required={false}
              type="checkbox"
              value={true}
            />
          </div>
          <label
            className="form-label"
            htmlFor="input-tasks.0.isCompleted"
          >
            Task #1
          </label>
        </div>
      </div>
    </div>
    <div
      className="tasksForm form-row"
    >
      <div
        className="form-group"
      >
        <div
          className="check-field"
        >
          <div
            className="form-check"
          >
            <input
              className="form-check-input position-static"
              defaultChecked={true}
              disabled={true}
              id="input-tasks.1.isCompleted"
              name="tasks.1.isCompleted"
              onChange={[Function]}
              required={false}
              type="checkbox"
              value={true}
            />
          </div>
          <label
            className="form-label"
            htmlFor="input-tasks.1.isCompleted"
          >
            Task #2
          </label>
        </div>
      </div>
    </div>
    <div
      style={
        Object {
          "textAlign": "right",
        }
      }
    />
  </form>
</div>
`;
