// Jest Snapshot v1, https://goo.gl/fbAQLP

exports[`Project Draft Step renders correctly 1`] = `
<div
  class="container-fluid"
>
  <form
    class="ProjectDraftForm"
    novalidate=""
  >
    <div
      class="ProjectDraftForm container-fluid"
      data-testid="disposal-projects-draft-form"
    >
      <div
        class="row"
      >
        <h3
          class="col-md-8"
        >
          Review
        </h3>
        <span
          class="col-md-4"
        />
      </div>
      <div
        class="align-items-center row"
        style="margin-bottom: 5px;"
      >
        <label
          class="form-label"
        >
          Project No.
        </label>
        <div
          class="col-5"
        >
          <div
            class="col-md-2 input-flex"
            id="input-projectNumber"
          >
            <div>
              <input
                class="form-control"
                data-testid="project-number"
                disabled=""
                name="projectNumber"
                placeholder="SPP-XXXXXX"
                style="width: 200px;"
                value="TEST-NUMBER"
              />
            </div>
          </div>
        </div>
      </div>
      <div
        class="align-items-center row"
        style="margin-bottom: 5px;"
      >
        <label
          class="form-label"
        >
          Name
        </label>
        <div
          class="col-5"
        >
          <div
            class="required input-flex"
            id="input-name"
          >
            <div>
              <input
                class="form-control"
                data-testid="project-name"
                disabled=""
                name="name"
                value=""
              />
            </div>
          </div>
        </div>
      </div>
      <div
        class="row"
        style="margin-bottom: 5px;"
      >
        <label
          class="form-label"
        >
          Description
        </label>
        <div
          class="col-md-auto"
        >
          <div
            class="col-md-10 input-flex"
            id="input-description"
          >
            <div>
              <textarea
                class="col-md-auto form-control"
                data-testid="project-description"
                disabled=""
                name="description"
                style="width: 500px;"
              />
            </div>
          </div>
        </div>
      </div>
    </div>
    <div
      class="ProjectNotes"
    >
      <div
        class="col-md-10"
      >
        <div
          class="row"
          style="align-items: center;"
        >
          <div
            class="col-md-auto"
          >
            <label
              class="form-label"
              for="input-note"
              style="min-width: 100px; max-width: 500px;"
            >
              Notes
            </label>
          </div>
          <div
            class="col-md-auto"
          />
        </div>
        <div>
          <textarea
            class="col-md-auto form-control"
            id="input-note"
            name="note"
          />
        </div>
      </div>
    </div>
    <div
      style="text-align: right;"
    />
  </form>
</div>
`;
