// Jest Snapshot v1, https://goo.gl/fbAQLP

exports[`renders correctly 1`] = `
<div
  className="ReviewProjectStep container-fluid"
>
  <form
    className=""
  >
    <button
      className="edit btn btn-primary"
      disabled={false}
      onClick={[Function]}
      type="button"
    >
      Edit
    </button>
    <h3>
      Review
    </h3>
    <div
      className="ProjectDraftForm row"
      style={
        Object {
          "textAlign": "left",
        }
      }
    >
      <div
        className="col"
      >
        <div
          className="form-row"
        >
          <div
            className="required col-md-10 form-group"
          >
            <label
              className="form-label"
              htmlFor="input-projectNumber"
            >
              Project Number
              <span
                className="required"
              >
                *
              </span>
            </label>
            <span
              className="col-md-2"
            >
              <input
                className="form-control"
                disabled={true}
                id="input-projectNumber"
                name="projectNumber"
                onBlur={[Function]}
                onChange={[Function]}
                placeholder="SPP-XXXXXX"
                required={true}
                value=""
              />
            </span>
          </div>
        </div>
        <div
          className="form-row"
        >
          <div
            className="required col-md-10 form-group"
          >
            <label
              className="form-label"
              htmlFor="input-name"
            >
              Name
              <span
                className="required"
              >
                *
              </span>
            </label>
            <span
              className="col-md-3"
            >
              <input
                className="form-control"
                disabled={true}
                id="input-name"
                name="name"
                onBlur={[Function]}
                onChange={[Function]}
                required={true}
                value=""
              />
            </span>
          </div>
        </div>
        <div
          className="form-row"
        >
          <div
            className="col-md-10 form-group"
          >
            <label
              className="form-label"
              htmlFor="input-description"
            >
              Description
            </label>
            <span
              className="col-md-5"
            >
              <input
                className="form-control"
                disabled={true}
                id="input-description"
                name="description"
                onBlur={[Function]}
                onChange={[Function]}
                value=""
              />
            </span>
          </div>
        </div>
      </div>
    </div>
    <div
      className="form-row"
    >
      <h3
        className="col-md-10"
      >
        Properties in the Project
      </h3>
      <span
        className="col-md-2"
      >
        <button
          className="edit btn btn-primary"
          disabled={false}
          onClick={[Function]}
          type="button"
        >
          Edit
        </button>
      </span>
    </div>
    <div
      className="form-row"
    >
      <label
        className="form-label col-form-label col-md-1"
      >
        Tier
      </label>
      <div
        className="col-md-2 form-group"
      >
        <select
          className="form-select form-control"
          disabled={true}
          id="input-tierLevelId"
          name="tierLevelId"
          onBlur={[Function]}
          onChange={[Function]}
          value={1}
        >
          <option
            value=""
          >
            Must Select One
          </option>
        </select>
      </div>
    </div>
    <div
      className="container-fluid"
    >
      <div
        className="ScrollContainer"
      >
        <div
          className="table"
          role="table"
          style={
            Object {
              "minWidth": undefined,
            }
          }
        >
          <div
            className="thead thead-light"
          >
            <div
              className="tr"
              role="row"
              style={
                Object {
                  "display": "flex",
                  "flex": "1 0 auto",
                  "minWidth": "360px",
                }
              }
            >
              <div
                className="th"
                colSpan={1}
                onClick={[Function]}
                role="columnheader"
                style={
                  Object {
                    "alignItems": "center",
                    "boxSizing": "border-box",
                    "display": "flex",
                    "flex": "100 0 auto",
                    "justifyContent": "flex-start",
                    "minWidth": "30px",
                    "textAlign": "left",
                    "width": "100px",
                  }
                }
              >
                Agency
              </div>
              <div
                className="th"
                colSpan={1}
                onClick={[Function]}
                role="columnheader"
                style={
                  Object {
                    "alignItems": "center",
                    "boxSizing": "border-box",
                    "display": "flex",
                    "flex": "100 0 auto",
                    "justifyContent": "flex-start",
                    "minWidth": "30px",
                    "textAlign": "left",
                    "width": "100px",
                  }
                }
              >
                Sub Agency
              </div>
              <div
                className="th"
                colSpan={1}
                onClick={[Function]}
                role="columnheader"
                style={
                  Object {
                    "alignItems": "center",
                    "boxSizing": "border-box",
                    "display": "flex",
                    "flex": "100 0 auto",
                    "justifyContent": "flex-start",
                    "minWidth": "30px",
                    "textAlign": "left",
                    "width": "100px",
                  }
                }
              >
                Property Name
              </div>
              <div
                className="th"
                colSpan={1}
                onClick={[Function]}
                role="columnheader"
                style={
                  Object {
                    "alignItems": "center",
                    "boxSizing": "border-box",
                    "display": "flex",
                    "flex": "140 0 auto",
                    "justifyContent": "flex-start",
                    "minWidth": "30px",
                    "textAlign": "left",
                    "width": "140px",
                  }
                }
              >
                Classification
              </div>
              <div
                className="th"
                colSpan={1}
                onClick={[Function]}
                role="columnheader"
                style={
                  Object {
                    "alignItems": "center",
                    "boxSizing": "border-box",
                    "display": "flex",
                    "flex": "100 0 auto",
                    "justifyContent": "flex-start",
                    "minWidth": "30px",
                    "textAlign": "left",
                    "width": "100px",
                  }
                }
              >
                Street Address
              </div>
              <div
                className="th"
                colSpan={1}
                onClick={[Function]}
                role="columnheader"
                style={
                  Object {
                    "alignItems": "center",
                    "boxSizing": "border-box",
                    "display": "flex",
                    "flex": "100 0 auto",
                    "justifyContent": "flex-start",
                    "minWidth": "30px",
                    "textAlign": "left",
                    "width": "100px",
                  }
                }
              >
                City
              </div>
              <div
                className="th"
                colSpan={1}
                onClick={[Function]}
                role="columnheader"
                style={
                  Object {
                    "alignItems": "center",
                    "boxSizing": "border-box",
                    "display": "flex",
                    "flex": "100 0 auto",
                    "justifyContent": "flex-start",
                    "minWidth": "30px",
                    "textAlign": "left",
                    "width": "100px",
                  }
                }
              >
                Municipality
              </div>
              <div
                className="th"
                colSpan={1}
                onClick={[Function]}
                role="columnheader"
                style={
                  Object {
                    "alignItems": "center",
                    "boxSizing": "border-box",
                    "display": "flex",
                    "flex": "100 0 auto",
                    "justifyContent": "flex-start",
                    "minWidth": "30px",
                    "textAlign": "left",
                    "width": "100px",
                  }
                }
              >
                Assessed Value
              </div>
              <div
                className="th"
                colSpan={1}
                onClick={[Function]}
                role="columnheader"
                style={
                  Object {
                    "alignItems": "center",
                    "boxSizing": "border-box",
                    "display": "flex",
                    "flex": "100 0 auto",
                    "justifyContent": "flex-start",
                    "minWidth": "30px",
                    "textAlign": "left",
                    "width": "100px",
                  }
                }
              >
                Netbook Value
              </div>
              <div
                className="th"
                colSpan={1}
                onClick={[Function]}
                role="columnheader"
                style={
                  Object {
                    "alignItems": "center",
                    "boxSizing": "border-box",
                    "display": "flex",
                    "flex": "100 0 auto",
                    "justifyContent": "flex-start",
                    "minWidth": "30px",
                    "textAlign": "left",
                    "width": "100px",
                  }
                }
              >
                Estimated Value
              </div>
              <div
                className="th"
                colSpan={1}
                onClick={[Function]}
                role="columnheader"
                style={
                  Object {
                    "alignItems": "center",
                    "boxSizing": "border-box",
                    "display": "flex",
                    "flex": "60 0 auto",
                    "justifyContent": "flex-start",
                    "minWidth": "30px",
                    "textAlign": "left",
                    "width": "60px",
                  }
                }
              >
                Type
              </div>
              <div
                className="th"
                colSpan={1}
                onClick={[Function]}
                role="columnheader"
                style={
                  Object {
                    "alignItems": "center",
                    "boxSizing": "border-box",
                    "display": "flex",
                    "flex": "80 0 auto",
                    "justifyContent": "flex-start",
                    "minWidth": "30px",
                    "textAlign": "left",
                    "width": "80px",
                  }
                }
              >
                Lot Size (in ha)
              </div>
            </div>
          </div>
          <div
            className="no-rows-message"
          >
            No rows to display
          </div>
        </div>
        <div
          className="table-toolbar"
        />
      </div>
    </div>
    <h3>
      Documentation
    </h3>
    <div
      className="form-row"
    >
      <div
        className="required form-group"
      >
        <div
          className="check-field"
        >
          <div
            className="form-check"
          >
            <input
              className="form-check-input position-static"
              disabled={true}
              id="input-tasks.0.isCompleted"
              name="tasks.0.isCompleted"
              onChange={[Function]}
              required={true}
              type="checkbox"
            />
          </div>
          <label
            className="form-label"
            htmlFor="input-tasks.0.isCompleted"
          >
            test
          </label>
        </div>
      </div>
    </div>
    <div
      className="form-row"
    >
      <div
        className="required form-group"
      >
        <div
          className="check-field"
        >
          <div
            className="form-check"
          >
            <input
              className="form-check-input position-static"
              disabled={true}
              id="input-tasks.1.isCompleted"
              name="tasks.1.isCompleted"
              onChange={[Function]}
              required={true}
              type="checkbox"
            />
          </div>
          <label
            className="form-label"
            htmlFor="input-tasks.1.isCompleted"
          >
            test
          </label>
        </div>
      </div>
    </div>
    <h3>
      Approval
    </h3>
    <div
      className="form-row"
    >
      <div
        className="required form-group"
      >
        <div
          className="check-field"
        >
          <div
            className="form-check"
          >
            <input
              className="form-check-input position-static"
              defaultChecked={true}
              disabled={true}
              id="input-confirmation"
              name="confirmation"
              onChange={[Function]}
              required={true}
              type="checkbox"
              value={true}
            />
          </div>
          <label
            className="form-label"
            htmlFor="input-confirmation"
          >
            I, Pims User, confirm by checking this box that I have received the approval 
  to request the property be submitted to the Enhanced Referral Program and marketed internally to other Ministry 
  and Broader Public Sector Agencies for 90 days before listing the property to be sold on the public commercial real estate market
          </label>
        </div>
      </div>
    </div>
    <div
      className="form-row"
    >
      <label
        className="col-md-12 form-label"
        style={
          Object {
            "textAlign": "left",
          }
        }
      >
        Notes:
      </label>
      <div
        className="col-md-8 form-group"
      >
        <span>
          <textarea
            className="form-control"
            disabled={true}
            id="input-note"
            name="note"
            onBlur={[Function]}
            onChange={[Function]}
            value=""
          />
        </span>
      </div>
    </div>
  </form>
</div>
`;
