// Jest Snapshot v1, https://goo.gl/fbAQLP

exports[`SteppedForm component renders correctly 1`] = `
<form
  action="#"
  onReset={[Function]}
  onSubmit={[Function]}
>
  <div
    className="bs-stepper"
  >
    <div
      className="bs-stepper-header"
    >
      <div
        className="step active"
        data-target="stepper-0"
      >
        <button
          className="step-trigger"
          disabled={false}
          onClick={[Function]}
          type="button"
        >
          <span
            className="bs-stepper-circle"
          >
            1
          </span>
          <span
            className="bs-stepper-label"
          >
            Building ID
          </span>
        </button>
      </div>
      <div
        className="line"
      />
      <div
        className="step"
        data-target="stepper-1"
      >
        <button
          className="step-trigger"
          disabled={false}
          onClick={[Function]}
          type="button"
        >
          <span
            className="bs-stepper-circle"
          >
            2
          </span>
          <span
            className="bs-stepper-label"
          >
            Tenancy
          </span>
        </button>
      </div>
      <div
        className="line"
      />
      <div
        className="step"
        data-target="stepper-2"
      >
        <button
          className="step-trigger"
          disabled={false}
          onClick={[Function]}
          type="button"
        >
          <span
            className="bs-stepper-circle"
          >
            3
          </span>
          <span
            className="bs-stepper-label"
          >
            Valuation
          </span>
        </button>
      </div>
      <div
        className="line"
      />
      <div
        className="step"
        data-target="stepper-3"
      >
        <button
          className="step-trigger"
          disabled={false}
          onClick={[Function]}
          type="button"
        >
          <span
            className="bs-stepper-circle"
          >
            4
          </span>
          <span
            className="bs-stepper-label"
          >
            Parcel
          </span>
        </button>
      </div>
      <div
        className="line"
      />
      <div
        className="step"
        data-target="stepper-4"
      >
        <button
          className="step-trigger"
          disabled={false}
          onClick={[Function]}
          type="button"
        >
          <span
            className="bs-stepper-circle"
          >
            5
          </span>
          <span
            className="bs-stepper-label"
          >
            Review
          </span>
        </button>
      </div>
    </div>
  </div>
  <div
    className="container"
  >
    <div
      className="form-group"
    >
      <input
        className="form-control"
        id="input-data.name"
        name="data.name"
        onBlur={[Function]}
        onChange={[Function]}
        placeholder="Name"
        value="Quartech HQ"
      />
    </div>
    <p>
      Form inputs and control button here
    </p>
    <button
      className="btn btn-outline-info"
      disabled={false}
      onClick={[Function]}
      type="button"
    >
      Go to
    </button>
    <button
      className="btn btn-outline-info"
      disabled={false}
      onClick={[Function]}
      type="button"
    >
      Back
    </button>
    <button
      className="btn btn-outline-info"
      disabled={false}
      onClick={[Function]}
      type="button"
    >
      Next Step
    </button>
    <button
      className="btn btn-primary"
      disabled={false}
      type="submit"
    >
      Save
    </button>
  </div>
</form>
`;
