// Jest Snapshot v1, https://goo.gl/fbAQLP

exports[`Project Approval Request list view Matches snapshot 1`] = `
<div
  class="ProjectListView container-fluid"
>
  <div
    class="filter-container"
  />
  <div
    class="ScrollContainer"
  >
    <div
      class="TableToolbar container-fluid"
    >
      <h3
        class="mr-4"
        data-testid="project-list-view-page-title"
      >
        Surplus Property Program Projects - Approval Requests
      </h3>
      <h6
        class="ProjectCountHeader"
      >
        Found 
        0
         projects.
      </h6>
    </div>
    <div
      class="table"
      role="table"
    >
      <div
        class="thead thead-light"
      >
        <div
          class="tr"
          role="row"
          style="display: flex; flex: 1 0 auto; min-width: 875px;"
        >
          <div
            class="th"
            colspan="1"
            role="columnheader"
            style="box-sizing: border-box; flex: 65 0 auto; min-width: 65px; width: 3.5%; justify-content: flex-start; text-align: left; align-items: center; display: flex;"
            width="3.5%"
          >
            <div
              class="sortable-column"
            >
              Project No.
              <span />
            </div>
          </div>
          <div
            class="th"
            colspan="1"
            role="columnheader"
            style="box-sizing: border-box; flex: 200 0 auto; min-width: 200px; width: 7%; justify-content: flex-start; text-align: left; align-items: center; display: flex;"
            width="7%"
          >
            <div
              class="sortable-column"
            >
              Name
              <span />
            </div>
          </div>
          <div
            class="th"
            colspan="1"
            role="columnheader"
            style="box-sizing: border-box; flex: 50 0 auto; min-width: 50px; width: 14%; justify-content: flex-start; text-align: left; align-items: center; display: flex;"
            width="14%"
          >
            <div
              class="sortable-column"
            >
              Status
              <span />
            </div>
          </div>
          <div
            class="th"
            colspan="1"
            role="columnheader"
            style="box-sizing: border-box; flex: 80 0 auto; min-width: 80px; width: 7%; justify-content: flex-start; text-align: left; align-items: center; display: flex;"
            width="7%"
          >
            <div
              class="sortable-column"
            >
              Agency
              <span />
            </div>
          </div>
          <div
            class="th"
            colspan="1"
            role="columnheader"
            style="box-sizing: border-box; flex: 80 0 auto; min-width: 80px; width: 3.5%; justify-content: flex-start; text-align: left; align-items: center; display: flex;"
            width="3.5%"
          >
            <div
              class="sortable-column"
            >
              Zoning
              <span />
            </div>
          </div>
          <div
            class="th"
            colspan="1"
            role="columnheader"
            style="box-sizing: border-box; flex: 80 0 auto; min-width: 80px; width: 3.5%; justify-content: flex-start; text-align: left; align-items: center; display: flex;"
            width="3.5%"
          >
            <div
              class="sortable-column"
            >
              Zoning Potential
              <span />
            </div>
          </div>
          <div
            class="th"
            colspan="1"
            role="columnheader"
            style="box-sizing: border-box; flex: 80 0 auto; min-width: 80px; width: 3.5%; justify-content: flex-start; text-align: left; align-items: center; display: flex;"
            width="3.5%"
          >
            <div
              class="sortable-column"
            >
              Net Book Value
              <span />
            </div>
          </div>
          <div
            class="th"
            colspan="1"
            role="columnheader"
            style="box-sizing: border-box; flex: 80 0 auto; min-width: 80px; width: 3.5%; justify-content: flex-start; text-align: left; align-items: center; display: flex;"
            width="3.5%"
          >
            <div
              class="sortable-column"
            >
              Market Value
              <span />
            </div>
          </div>
          <div
            class="th"
            colspan="1"
            role="columnheader"
            style="box-sizing: border-box; flex: 80 0 auto; min-width: 80px; width: 7%; justify-content: flex-start; text-align: left; align-items: center; display: flex;"
            width="7%"
          >
            <div
              class="sortable-column"
            >
              Updated On
              <span />
            </div>
          </div>
          <div
            class="th"
            colspan="1"
            role="columnheader"
            style="box-sizing: border-box; flex: 80 0 auto; min-width: 80px; width: 7%; justify-content: flex-start; text-align: left; align-items: center; display: flex;"
            width="7%"
          >
            <div
              class="sortable-column"
            >
              Updated By
              <span />
            </div>
          </div>
        </div>
      </div>
      <div
        class="table-loading"
      >
        <div
          class="spinner-border"
        />
      </div>
    </div>
    <div
      class="table-toolbar"
    />
  </div>
</div>
`;
