// Jest Snapshot v1, https://goo.gl/fbAQLP

exports[`renders correctly 1`] = `
<div
  class="building-valuation col"
>
  <div
    class="row"
  >
    <h4>
      Building Valuation
    </h4>
    <br />
  </div>
  <div
    class="val-table row"
  >
    <div>
      <div
        class="table assessed"
        role="table"
      >
        <div
          class="thead thead-light"
        >
          <div
            class="tr"
            role="row"
            style="display: flex; flex: 1 0 auto; min-width: 60px;"
          >
            <div
              class="th"
              colspan="2"
              role="columnheader"
              style="box-sizing: border-box; flex: 190 0 auto; min-width: 60px; width: 190px; justify-content: flex-start; text-align: left; align-items: center; display: flex;"
            >
              Assessed Value
            </div>
          </div>
          <div
            class="tr"
            role="row"
            style="display: flex; flex: 1 0 auto; min-width: 60px;"
          >
            <div
              class="th"
              colspan="1"
              role="columnheader"
              style="box-sizing: border-box; flex: 90 0 auto; min-width: 30px; width: 90px; justify-content: flex-start; text-align: left; align-items: center; display: flex;"
            >
              Assessment Year
            </div>
            <div
              class="th"
              colspan="1"
              role="columnheader"
              style="box-sizing: border-box; flex: 100 0 auto; min-width: 30px; width: 100px; justify-content: flex-start; text-align: left; align-items: center; display: flex;"
            >
              Assessed Building Value
            </div>
          </div>
        </div>
        <div
          class="tbody"
          role="rowgroup"
        >
          <div
            class="tr-wrapper"
          >
            <div
              class="tr"
              role="row"
              style="display: flex; flex: 1 0 auto; min-width: 60px;"
            >
              <div
                class="td"
                role="cell"
                style="box-sizing: border-box; flex: 90 0 auto; min-width: 30px; width: 90px; justify-content: flex-start; text-align: left; align-items: flex-start; display: flex;"
                title=""
              >
                2021
              </div>
              <div
                class="td"
                role="cell"
                style="box-sizing: border-box; flex: 100 0 auto; min-width: 30px; width: 100px; justify-content: flex-start; text-align: left; align-items: flex-start; display: flex;"
                title=""
              >
                <div
                  class="form-group"
                >
                  <div
                    class="input-tooltip-wrapper"
                  >
                    <input
                      class="form-control"
                      name="financials.0.assessed.value"
                      placeholder=""
                      value=""
                    />
                  </div>
                </div>
              </div>
            </div>
          </div>
          <div
            class="tr-wrapper"
          >
            <div
              class="tr"
              role="row"
              style="display: flex; flex: 1 0 auto; min-width: 60px;"
            >
              <div
                class="td"
                role="cell"
                style="box-sizing: border-box; flex: 90 0 auto; min-width: 30px; width: 90px; justify-content: flex-start; text-align: left; align-items: flex-start; display: flex;"
                title=""
              >
                2020
              </div>
              <div
                class="td"
                role="cell"
                style="box-sizing: border-box; flex: 100 0 auto; min-width: 30px; width: 100px; justify-content: flex-start; text-align: left; align-items: flex-start; display: flex;"
                title=""
              >
                <div
                  class="form-group"
                >
                  <div
                    class="input-tooltip-wrapper"
                  >
                    <input
                      class="form-control"
                      name="financials.1.assessed.value"
                      placeholder=""
                      value=""
                    />
                  </div>
                </div>
              </div>
            </div>
          </div>
          <div
            class="tr-wrapper"
          >
            <div
              class="tr"
              role="row"
              style="display: flex; flex: 1 0 auto; min-width: 60px;"
            >
              <div
                class="td"
                role="cell"
                style="box-sizing: border-box; flex: 90 0 auto; min-width: 30px; width: 90px; justify-content: flex-start; text-align: left; align-items: flex-start; display: flex;"
                title=""
              >
                2019
              </div>
              <div
                class="td"
                role="cell"
                style="box-sizing: border-box; flex: 100 0 auto; min-width: 30px; width: 100px; justify-content: flex-start; text-align: left; align-items: flex-start; display: flex;"
                title=""
              >
                <div
                  class="form-group"
                >
                  <div
                    class="input-tooltip-wrapper"
                  >
                    <input
                      class="form-control"
                      name="financials.2.assessed.value"
                      placeholder=""
                      value=""
                    />
                  </div>
                </div>
              </div>
            </div>
          </div>
          <div
            class="tr-wrapper"
          >
            <div
              class="tr"
              role="row"
              style="display: flex; flex: 1 0 auto; min-width: 60px;"
            >
              <div
                class="td"
                role="cell"
                style="box-sizing: border-box; flex: 90 0 auto; min-width: 30px; width: 90px; justify-content: flex-start; text-align: left; align-items: flex-start; display: flex;"
                title=""
              >
                2018
              </div>
              <div
                class="td"
                role="cell"
                style="box-sizing: border-box; flex: 100 0 auto; min-width: 30px; width: 100px; justify-content: flex-start; text-align: left; align-items: flex-start; display: flex;"
                title=""
              >
                <div
                  class="form-group"
                >
                  <div
                    class="input-tooltip-wrapper"
                  >
                    <input
                      class="form-control"
                      name="financials.3.assessed.value"
                      placeholder=""
                      value=""
                    />
                  </div>
                </div>
              </div>
            </div>
          </div>
          <div
            class="tr-wrapper"
          >
            <div
              class="tr"
              role="row"
              style="display: flex; flex: 1 0 auto; min-width: 60px;"
            >
              <div
                class="td"
                role="cell"
                style="box-sizing: border-box; flex: 90 0 auto; min-width: 30px; width: 90px; justify-content: flex-start; text-align: left; align-items: flex-start; display: flex;"
                title=""
              >
                2017
              </div>
              <div
                class="td"
                role="cell"
                style="box-sizing: border-box; flex: 100 0 auto; min-width: 30px; width: 100px; justify-content: flex-start; text-align: left; align-items: flex-start; display: flex;"
                title=""
              >
                <div
                  class="form-group"
                >
                  <div
                    class="input-tooltip-wrapper"
                  >
                    <input
                      class="form-control"
                      name="financials.4.assessed.value"
                      placeholder=""
                      value=""
                    />
                  </div>
                </div>
              </div>
            </div>
          </div>
          <div
            class="tr-wrapper"
          >
            <div
              class="tr"
              role="row"
              style="display: flex; flex: 1 0 auto; min-width: 60px;"
            >
              <div
                class="td"
                role="cell"
                style="box-sizing: border-box; flex: 90 0 auto; min-width: 30px; width: 90px; justify-content: flex-start; text-align: left; align-items: flex-start; display: flex;"
                title=""
              >
                2016
              </div>
              <div
                class="td"
                role="cell"
                style="box-sizing: border-box; flex: 100 0 auto; min-width: 30px; width: 100px; justify-content: flex-start; text-align: left; align-items: flex-start; display: flex;"
                title=""
              >
                <div
                  class="form-group"
                >
                  <div
                    class="input-tooltip-wrapper"
                  >
                    <input
                      class="form-control"
                      name="financials.5.assessed.value"
                      placeholder=""
                      value=""
                    />
                  </div>
                </div>
              </div>
            </div>
          </div>
          <div
            class="tr-wrapper"
          >
            <div
              class="tr"
              role="row"
              style="display: flex; flex: 1 0 auto; min-width: 60px;"
            >
              <div
                class="td"
                role="cell"
                style="box-sizing: border-box; flex: 90 0 auto; min-width: 30px; width: 90px; justify-content: flex-start; text-align: left; align-items: flex-start; display: flex;"
                title=""
              >
                2015
              </div>
              <div
                class="td"
                role="cell"
                style="box-sizing: border-box; flex: 100 0 auto; min-width: 30px; width: 100px; justify-content: flex-start; text-align: left; align-items: flex-start; display: flex;"
                title=""
              >
                <div
                  class="form-group"
                >
                  <div
                    class="input-tooltip-wrapper"
                  >
                    <input
                      class="form-control"
                      name="financials.6.assessed.value"
                      placeholder=""
                      value=""
                    />
                  </div>
                </div>
              </div>
            </div>
          </div>
          <div
            class="tr-wrapper"
          >
            <div
              class="tr"
              role="row"
              style="display: flex; flex: 1 0 auto; min-width: 60px;"
            >
              <div
                class="td"
                role="cell"
                style="box-sizing: border-box; flex: 90 0 auto; min-width: 30px; width: 90px; justify-content: flex-start; text-align: left; align-items: flex-start; display: flex;"
                title=""
              >
                2014
              </div>
              <div
                class="td"
                role="cell"
                style="box-sizing: border-box; flex: 100 0 auto; min-width: 30px; width: 100px; justify-content: flex-start; text-align: left; align-items: flex-start; display: flex;"
                title=""
              >
                <div
                  class="form-group"
                >
                  <div
                    class="input-tooltip-wrapper"
                  >
                    <input
                      class="form-control"
                      name="financials.7.assessed.value"
                      placeholder=""
                      value=""
                    />
                  </div>
                </div>
              </div>
            </div>
          </div>
          <div
            class="tr-wrapper"
          >
            <div
              class="tr"
              role="row"
              style="display: flex; flex: 1 0 auto; min-width: 60px;"
            >
              <div
                class="td"
                role="cell"
                style="box-sizing: border-box; flex: 90 0 auto; min-width: 30px; width: 90px; justify-content: flex-start; text-align: left; align-items: flex-start; display: flex;"
                title=""
              >
                2013
              </div>
              <div
                class="td"
                role="cell"
                style="box-sizing: border-box; flex: 100 0 auto; min-width: 30px; width: 100px; justify-content: flex-start; text-align: left; align-items: flex-start; display: flex;"
                title=""
              >
                <div
                  class="form-group"
                >
                  <div
                    class="input-tooltip-wrapper"
                  >
                    <input
                      class="form-control"
                      name="financials.8.assessed.value"
                      placeholder=""
                      value=""
                    />
                  </div>
                </div>
              </div>
            </div>
          </div>
        </div>
      </div>
      <div
        class="table-toolbar"
      />
      <div
        class="table netbook"
        role="table"
      >
        <div
          class="thead thead-light"
        >
          <div
            class="tr"
            role="row"
            style="display: flex; flex: 1 0 auto; min-width: 90px;"
          >
            <div
              class="th"
              colspan="3"
              role="columnheader"
              style="box-sizing: border-box; flex: 250 0 auto; min-width: 90px; width: 250px; justify-content: flex-start; text-align: left; align-items: center; display: flex;"
            >
              Net Book Value
            </div>
          </div>
          <div
            class="tr"
            role="row"
            style="display: flex; flex: 1 0 auto; min-width: 90px;"
          >
            <div
              class="th"
              colspan="1"
              role="columnheader"
              style="box-sizing: border-box; flex: 50 0 auto; min-width: 30px; width: 50px; justify-content: flex-start; text-align: left; align-items: center; display: flex;"
            >
              Fiscal Year
            </div>
            <div
              class="th"
              colspan="1"
              role="columnheader"
              style="box-sizing: border-box; flex: 100 0 auto; min-width: 30px; width: 100px; justify-content: flex-start; text-align: left; align-items: center; display: flex;"
            >
              Effective Date
            </div>
            <div
              class="th"
              colspan="1"
              role="columnheader"
              style="box-sizing: border-box; flex: 100 0 auto; min-width: 30px; width: 100px; justify-content: flex-start; text-align: left; align-items: center; display: flex;"
            >
              Net Book Value
            </div>
          </div>
        </div>
        <div
          class="tbody"
          role="rowgroup"
        >
          <div
            class="tr-wrapper"
          >
            <div
              class="tr"
              role="row"
              style="display: flex; flex: 1 0 auto; min-width: 90px;"
            >
              <div
                class="td"
                role="cell"
                style="box-sizing: border-box; flex: 50 0 auto; min-width: 30px; width: 50px; justify-content: flex-start; text-align: left; align-items: flex-start; display: flex;"
                title=""
              >
                20/21
              </div>
              <div
                class="td"
                role="cell"
                style="box-sizing: border-box; flex: 100 0 auto; min-width: 30px; width: 100px; justify-content: flex-start; text-align: left; align-items: flex-start; display: flex;"
                title=""
              >
                
              </div>
              <div
                class="td"
                role="cell"
                style="box-sizing: border-box; flex: 100 0 auto; min-width: 30px; width: 100px; justify-content: flex-start; text-align: left; align-items: flex-start; display: flex;"
                title=""
              >
                <div
                  class="form-group"
                >
                  <div
                    class="input-tooltip-wrapper"
                  >
                    <input
                      class="form-control"
                      name="financials.0.netbook.value"
                      placeholder=""
                      value=""
                    />
                  </div>
                </div>
              </div>
            </div>
          </div>
          <div
            class="tr-wrapper"
          >
            <div
              class="tr"
              role="row"
              style="display: flex; flex: 1 0 auto; min-width: 90px;"
            >
              <div
                class="td"
                role="cell"
                style="box-sizing: border-box; flex: 50 0 auto; min-width: 30px; width: 50px; justify-content: flex-start; text-align: left; align-items: flex-start; display: flex;"
                title=""
              >
                19/20
              </div>
              <div
                class="td"
                role="cell"
                style="box-sizing: border-box; flex: 100 0 auto; min-width: 30px; width: 100px; justify-content: flex-start; text-align: left; align-items: flex-start; display: flex;"
                title=""
              >
                
              </div>
              <div
                class="td"
                role="cell"
                style="box-sizing: border-box; flex: 100 0 auto; min-width: 30px; width: 100px; justify-content: flex-start; text-align: left; align-items: flex-start; display: flex;"
                title=""
              >
                <div
                  class="form-group"
                >
                  <div
                    class="input-tooltip-wrapper"
                  >
                    <input
                      class="form-control"
                      name="financials.1.netbook.value"
                      placeholder=""
                      value=""
                    />
                  </div>
                </div>
              </div>
            </div>
          </div>
          <div
            class="tr-wrapper"
          >
            <div
              class="tr"
              role="row"
              style="display: flex; flex: 1 0 auto; min-width: 90px;"
            >
              <div
                class="td"
                role="cell"
                style="box-sizing: border-box; flex: 50 0 auto; min-width: 30px; width: 50px; justify-content: flex-start; text-align: left; align-items: flex-start; display: flex;"
                title=""
              >
                18/19
              </div>
              <div
                class="td"
                role="cell"
                style="box-sizing: border-box; flex: 100 0 auto; min-width: 30px; width: 100px; justify-content: flex-start; text-align: left; align-items: flex-start; display: flex;"
                title=""
              >
                
              </div>
              <div
                class="td"
                role="cell"
                style="box-sizing: border-box; flex: 100 0 auto; min-width: 30px; width: 100px; justify-content: flex-start; text-align: left; align-items: flex-start; display: flex;"
                title=""
              >
                <div
                  class="form-group"
                >
                  <div
                    class="input-tooltip-wrapper"
                  >
                    <input
                      class="form-control"
                      name="financials.2.netbook.value"
                      placeholder=""
                      value=""
                    />
                  </div>
                </div>
              </div>
            </div>
          </div>
          <div
            class="tr-wrapper"
          >
            <div
              class="tr"
              role="row"
              style="display: flex; flex: 1 0 auto; min-width: 90px;"
            >
              <div
                class="td"
                role="cell"
                style="box-sizing: border-box; flex: 50 0 auto; min-width: 30px; width: 50px; justify-content: flex-start; text-align: left; align-items: flex-start; display: flex;"
                title=""
              >
                17/18
              </div>
              <div
                class="td"
                role="cell"
                style="box-sizing: border-box; flex: 100 0 auto; min-width: 30px; width: 100px; justify-content: flex-start; text-align: left; align-items: flex-start; display: flex;"
                title=""
              >
                
              </div>
              <div
                class="td"
                role="cell"
                style="box-sizing: border-box; flex: 100 0 auto; min-width: 30px; width: 100px; justify-content: flex-start; text-align: left; align-items: flex-start; display: flex;"
                title=""
              >
                <div
                  class="form-group"
                >
                  <div
                    class="input-tooltip-wrapper"
                  >
                    <input
                      class="form-control"
                      name="financials.3.netbook.value"
                      placeholder=""
                      value=""
                    />
                  </div>
                </div>
              </div>
            </div>
          </div>
          <div
            class="tr-wrapper"
          >
            <div
              class="tr"
              role="row"
              style="display: flex; flex: 1 0 auto; min-width: 90px;"
            >
              <div
                class="td"
                role="cell"
                style="box-sizing: border-box; flex: 50 0 auto; min-width: 30px; width: 50px; justify-content: flex-start; text-align: left; align-items: flex-start; display: flex;"
                title=""
              >
                16/17
              </div>
              <div
                class="td"
                role="cell"
                style="box-sizing: border-box; flex: 100 0 auto; min-width: 30px; width: 100px; justify-content: flex-start; text-align: left; align-items: flex-start; display: flex;"
                title=""
              >
                
              </div>
              <div
                class="td"
                role="cell"
                style="box-sizing: border-box; flex: 100 0 auto; min-width: 30px; width: 100px; justify-content: flex-start; text-align: left; align-items: flex-start; display: flex;"
                title=""
              >
                <div
                  class="form-group"
                >
                  <div
                    class="input-tooltip-wrapper"
                  >
                    <input
                      class="form-control"
                      name="financials.4.netbook.value"
                      placeholder=""
                      value=""
                    />
                  </div>
                </div>
              </div>
            </div>
          </div>
          <div
            class="tr-wrapper"
          >
            <div
              class="tr"
              role="row"
              style="display: flex; flex: 1 0 auto; min-width: 90px;"
            >
              <div
                class="td"
                role="cell"
                style="box-sizing: border-box; flex: 50 0 auto; min-width: 30px; width: 50px; justify-content: flex-start; text-align: left; align-items: flex-start; display: flex;"
                title=""
              >
                15/16
              </div>
              <div
                class="td"
                role="cell"
                style="box-sizing: border-box; flex: 100 0 auto; min-width: 30px; width: 100px; justify-content: flex-start; text-align: left; align-items: flex-start; display: flex;"
                title=""
              >
                
              </div>
              <div
                class="td"
                role="cell"
                style="box-sizing: border-box; flex: 100 0 auto; min-width: 30px; width: 100px; justify-content: flex-start; text-align: left; align-items: flex-start; display: flex;"
                title=""
              >
                <div
                  class="form-group"
                >
                  <div
                    class="input-tooltip-wrapper"
                  >
                    <input
                      class="form-control"
                      name="financials.5.netbook.value"
                      placeholder=""
                      value=""
                    />
                  </div>
                </div>
              </div>
            </div>
          </div>
          <div
            class="tr-wrapper"
          >
            <div
              class="tr"
              role="row"
              style="display: flex; flex: 1 0 auto; min-width: 90px;"
            >
              <div
                class="td"
                role="cell"
                style="box-sizing: border-box; flex: 50 0 auto; min-width: 30px; width: 50px; justify-content: flex-start; text-align: left; align-items: flex-start; display: flex;"
                title=""
              >
                14/15
              </div>
              <div
                class="td"
                role="cell"
                style="box-sizing: border-box; flex: 100 0 auto; min-width: 30px; width: 100px; justify-content: flex-start; text-align: left; align-items: flex-start; display: flex;"
                title=""
              >
                
              </div>
              <div
                class="td"
                role="cell"
                style="box-sizing: border-box; flex: 100 0 auto; min-width: 30px; width: 100px; justify-content: flex-start; text-align: left; align-items: flex-start; display: flex;"
                title=""
              >
                <div
                  class="form-group"
                >
                  <div
                    class="input-tooltip-wrapper"
                  >
                    <input
                      class="form-control"
                      name="financials.6.netbook.value"
                      placeholder=""
                      value=""
                    />
                  </div>
                </div>
              </div>
            </div>
          </div>
          <div
            class="tr-wrapper"
          >
            <div
              class="tr"
              role="row"
              style="display: flex; flex: 1 0 auto; min-width: 90px;"
            >
              <div
                class="td"
                role="cell"
                style="box-sizing: border-box; flex: 50 0 auto; min-width: 30px; width: 50px; justify-content: flex-start; text-align: left; align-items: flex-start; display: flex;"
                title=""
              >
                13/14
              </div>
              <div
                class="td"
                role="cell"
                style="box-sizing: border-box; flex: 100 0 auto; min-width: 30px; width: 100px; justify-content: flex-start; text-align: left; align-items: flex-start; display: flex;"
                title=""
              >
                
              </div>
              <div
                class="td"
                role="cell"
                style="box-sizing: border-box; flex: 100 0 auto; min-width: 30px; width: 100px; justify-content: flex-start; text-align: left; align-items: flex-start; display: flex;"
                title=""
              >
                <div
                  class="form-group"
                >
                  <div
                    class="input-tooltip-wrapper"
                  >
                    <input
                      class="form-control"
                      name="financials.7.netbook.value"
                      placeholder=""
                      value=""
                    />
                  </div>
                </div>
              </div>
            </div>
          </div>
          <div
            class="tr-wrapper"
          >
            <div
              class="tr"
              role="row"
              style="display: flex; flex: 1 0 auto; min-width: 90px;"
            >
              <div
                class="td"
                role="cell"
                style="box-sizing: border-box; flex: 50 0 auto; min-width: 30px; width: 50px; justify-content: flex-start; text-align: left; align-items: flex-start; display: flex;"
                title=""
              >
                12/13
              </div>
              <div
                class="td"
                role="cell"
                style="box-sizing: border-box; flex: 100 0 auto; min-width: 30px; width: 100px; justify-content: flex-start; text-align: left; align-items: flex-start; display: flex;"
                title=""
              >
                
              </div>
              <div
                class="td"
                role="cell"
                style="box-sizing: border-box; flex: 100 0 auto; min-width: 30px; width: 100px; justify-content: flex-start; text-align: left; align-items: flex-start; display: flex;"
                title=""
              >
                <div
                  class="form-group"
                >
                  <div
                    class="input-tooltip-wrapper"
                  >
                    <input
                      class="form-control"
                      name="financials.8.netbook.value"
                      placeholder=""
                      value=""
                    />
                  </div>
                </div>
              </div>
            </div>
          </div>
        </div>
      </div>
      <div
        class="table-toolbar"
      />
    </div>
  </div>
</div>
`;
