// Jest Snapshot v1, https://goo.gl/fbAQLP

exports[`dispose project draft step display stepper renders correctly based off of workflow 1`] = `
<div
  className="ProjectDisposeLayout container-fluid"
>
  <div
    className="SresManual"
    onClick={[Function]}
  >
    <div>
      <svg
        fill="none"
        height={28}
        size={28}
        stroke="currentColor"
        strokeLinecap="round"
        strokeLinejoin="round"
        strokeWidth="2"
        style={
          Object {
            "color": undefined,
          }
        }
        viewBox="0 0 24 24"
        width={28}
        xmlns="http://www.w3.org/2000/svg"
      >
        <path
          d="M2 3h6a4 4 0 0 1 4 4v14a3 3 0 0 0-3-3H2z"
        />
        <path
          d="M22 3h-6a4 4 0 0 0-4 4v14a3 3 0 0 1 3-3h7z"
        />
      </svg>
    </div>
    <p>
      <b>
        Process Manual
      </b>
       
      <br />
      for the Surplus 
      <br />
       Properties Program
    </p>
  </div>
  <h1>
    Surplus Property Program Project
  </h1>
  <div
    className="bs-stepper"
  >
    <h6>
      Complete this form to apply to Enhanced Referral Process or Request Exemption
    </h6>
    <div
      className="bs-stepper-header"
    >
      <div
        className="step"
        data-target="stepper-0"
      >
        <button
          className="step-trigger"
          disabled={true}
          onClick={[Function]}
        >
          <span
            className="bs-stepper-circle"
          >
            1
          </span>
          <span
            className="bs-stepper-label"
          >
            Draft
          </span>
        </button>
      </div>
      <div
        className="line"
      />
      <div
        className="step"
        data-target="stepper-1"
      >
        <button
          className="step-trigger"
          disabled={true}
          onClick={[Function]}
        >
          <span
            className="bs-stepper-circle"
          >
            2
          </span>
          <span
            className="bs-stepper-label"
          >
            Select Properties
          </span>
        </button>
      </div>
      <div
        className="line"
      />
      <div
        className="step"
        data-target="stepper-2"
      >
        <button
          className="step-trigger"
          disabled={true}
          onClick={[Function]}
        >
          <span
            className="bs-stepper-circle"
          >
            3
          </span>
          <span
            className="bs-stepper-label"
          >
            Update Information
          </span>
        </button>
      </div>
      <div
        className="line"
      />
      <div
        className="step"
        data-target="stepper-3"
      >
        <button
          className="step-trigger"
          disabled={true}
          onClick={[Function]}
        >
          <span
            className="bs-stepper-circle"
          >
            4
          </span>
          <span
            className="bs-stepper-label"
          >
            Required Documentation
          </span>
        </button>
      </div>
      <div
        className="line"
      />
      <div
        className="step active"
        data-target="stepper-4"
      >
        <button
          className="step-trigger"
          disabled={true}
          onClick={[Function]}
        >
          <span
            className="bs-stepper-circle"
          >
            5
          </span>
          <span
            className="bs-stepper-label"
          >
            Approval
          </span>
        </button>
      </div>
      <div
        className="line"
      />
      <div
        className="step"
        data-target="stepper-5"
      >
        <button
          className="step-trigger"
          disabled={true}
          onClick={[Function]}
        >
          <span
            className="bs-stepper-circle"
          >
            6
          </span>
          <span
            className="bs-stepper-label"
          >
            Review
          </span>
        </button>
      </div>
    </div>
  </div>
  <div
    className="step-content container-fluid"
  >
    <div
      className="sc-fzqBZW cSdQOS"
    >
      <button
        className="btn btn-primary"
        disabled={false}
        onClick={[Function]}
        style={
          Object {
            "marginLeft": 10,
          }
        }
        type="button"
      >
        Next
      </button>
      <button
        className="btn btn-secondary"
        disabled={true}
        onClick={[Function]}
        type="button"
      >
        Save
      </button>
    </div>
  </div>
</div>
`;
