// Jest Snapshot v1, https://goo.gl/fbAQLP

exports[`building popup view renders correctly 1`] = `
<div
  className="buildingPopup container-fluid"
>
  <div
    className="row"
  >
    <div
      className="col"
    >
      <div
        className="list-group"
        onKeyDown={[Function]}
      >
        <div
          className="list-group-item"
          data-rb-event-key={null}
          disabled={false}
          onClick={[Function]}
        >
          <p
            className="label"
          >
            Name: 
          </p>
          test name
        </div>
        <div
          className="list-group-item"
          data-rb-event-key={null}
          disabled={false}
          onClick={[Function]}
        >
          <p
            className="label"
          >
            Description: 
          </p>
          Test description
        </div>
      </div>
      <div
        className="list-group"
        onKeyDown={[Function]}
      >
        <div
          className="list-group-item"
          data-rb-event-key={null}
          disabled={false}
          onClick={[Function]}
        >
          <p
            className="label"
          >
            Assessed Value: 
          </p>
          $
        </div>
      </div>
      <div
        className="list-group"
        onKeyDown={[Function]}
      >
        <div
          className="list-group-item"
          data-rb-event-key={null}
          disabled={false}
          onClick={[Function]}
        >
          <div>
            <p
              className="label"
            >
              Address: 
            </p>
          </div>
          <div>
            , 
             
          </div>
        </div>
      </div>
      <div
        className="list-group"
        onKeyDown={[Function]}
      >
        <div
          className="list-group-item"
          data-rb-event-key={null}
          disabled={false}
          onClick={[Function]}
        >
          <p
            className="label"
          >
            Floor Count: 
          </p>
          3
        </div>
        <div
          className="list-group-item"
          data-rb-event-key={null}
          disabled={false}
          onClick={[Function]}
        >
          <p
            className="label"
          >
            Predominate Use: 
          </p>
        </div>
      </div>
      <a
        href="/submitProperty/1"
        onClick={[Function]}
      >
        Update
      </a>
    </div>
  </div>
</div>
`;
