// Jest Snapshot v1, https://goo.gl/fbAQLP

exports[`MapFilterBar renders correctly 1`] = `
<div
  className="map-filter-container container-fluid"
>
  <div
    className="row"
  >
    <div
      className="col-md-8 col-8 offset-md-2 offset-2"
    >
      <form
        className=""
        noValidate={true}
        onSubmit={[Function]}
      >
        <div
          className="map-filter-bar form-row"
        >
          <div
            className="bar-item col"
          >
            <div
              className="form-group"
            >
              <input
                className="form-control"
                id="input-address"
                name="address"
                onChange={[Function]}
                placeholder="Enter an address or city"
                value=""
              />
            </div>
          </div>
          <div
            className="bar-item col"
          >
            <div
              className="form-group"
            >
              <select
                className="form-control"
                id="input-agencies"
                name="agencies"
                onChange={[Function]}
                value=""
              >
                <option
                  value=""
                >
                  View Properties In
                </option>
                <option
                  value="1"
                >
                  AEST
                </option>
                <option
                  value="2"
                >
                  HTLH
                </option>
                <option
                  value="3"
                >
                  MOTI
                </option>
                <option
                  value="4"
                >
                  FLNR
                </option>
                <option
                  value="5"
                >
                  MAH
                </option>
              </select>
            </div>
          </div>
          <div
            className="bar-item col"
          >
            <div
              className="form-group"
            >
              <select
                className="form-control"
                id="input-classificationId"
                name="classificationId"
                onChange={[Function]}
                value=""
              >
                <option
                  value=""
                >
                  View by Classification
                </option>
                <option
                  value="0"
                >
                  Core Operational
                </option>
                <option
                  value="1"
                >
                  Core Strategic
                </option>
                <option
                  value="2"
                >
                  Surplus Active
                </option>
                <option
                  value="3"
                >
                  Surplus Encumbered
                </option>
              </select>
            </div>
          </div>
          <div
            className="bar-item col"
          >
            <div
              className="form-group"
            >
              <select
                className="form-control"
                id="input-minLotSize"
                name="minLotSize"
                onChange={[Function]}
                value=""
              >
                <option
                  value=""
                >
                  No Min Lot Size
                </option>
              </select>
            </div>
          </div>
          <div
            className="bar-item col"
          >
            <div
              className="form-group"
            >
              <select
                className="form-control"
                id="input-maxLotSize"
                name="maxLotSize"
                onChange={[Function]}
                value=""
              >
                <option
                  value=""
                >
                  No Max Lot Size
                </option>
              </select>
            </div>
          </div>
          <div
            className="bar-item flex-grow-0 col"
          >
            <button
              className="pl-0 btn btn-warning"
              disabled={false}
              type="submit"
            >
              <img
                className="mr-2"
                src="icon-search.svg"
              />
              Search
            </button>
          </div>
        </div>
      </form>
    </div>
  </div>
</div>
`;
