// Jest Snapshot v1, https://goo.gl/fbAQLP

exports[`Building Form component renders correctly 1`] = `
"<div class=\\"sc-fzqMdD cQpTAp buildingForm\\">
  <form action=\\"#\\">
    <div class=\\"bs-stepper\\">
      <div class=\\"bs-stepper-header\\">
        <div class=\\"step active\\" data-target=\\"stepper-0\\"><button type=\\"button\\" class=\\"step-trigger\\"><span class=\\"bs-stepper-circle\\">1</span><span class=\\"bs-stepper-label\\">Building ID</span></button></div>
        <div class=\\"line\\"></div>
        <div class=\\"step\\" data-target=\\"stepper-1\\"><button type=\\"button\\" class=\\"step-trigger\\"><span class=\\"bs-stepper-circle\\">2</span><span class=\\"bs-stepper-label\\">Tenancy</span></button></div>
        <div class=\\"line\\"></div>
        <div class=\\"step\\" data-target=\\"stepper-2\\"><button type=\\"button\\" class=\\"step-trigger\\"><span class=\\"bs-stepper-circle\\">3</span><span class=\\"bs-stepper-label\\">Valuation</span></button></div>
        <div class=\\"line\\"></div>
        <div class=\\"step\\" data-target=\\"stepper-3\\"><button type=\\"button\\" class=\\"step-trigger\\"><span class=\\"bs-stepper-circle\\">4</span><span class=\\"bs-stepper-label\\">Review</span></button></div>
      </div>
    </div>
    <div class=\\"sc-fzowVh dAoMJd\\">
      <div class=\\"sc-fzoJus fCEPUG\\">
        <div class=\\"identification\\">
          <div class=\\"container\\">
            <div class=\\"row\\">
              <h4>Building Identification</h4>
            </div>
            <div class=\\"row\\">
              <div class=\\"col\\">
                <div class=\\"form-row\\"><label class=\\"form-label\\">Name</label>
                  <div class=\\"form-group\\"><input name=\\"building.0.name\\" id=\\"input-building.0.name\\" class=\\"form-control\\" value=\\"\\"></div>
                </div>
                <div class=\\"form-row\\"><label class=\\"form-label\\">Description</label>
                  <div class=\\"form-group\\"><textarea name=\\"building.0.description\\" id=\\"input-building.0.description\\" class=\\"form-control\\"></textarea></div>
                </div>
                <div class=\\"form-row\\"><label class=\\"form-label\\">Agency</label>
                  <div class=\\"AutoCompleteText\\">
                    <div class=\\"form-group\\">
                      <div class=\\"input-area\\"><input name=\\"building.0.agencyId\\" disabled=\\"\\" id=\\"input-building.0.agencyId\\" class=\\"form-control\\" value=\\"\\"></div>
                    </div>
                  </div>
                </div>
              </div>
              <div class=\\"col\\">
                <div class=\\"row\\">
                  <p class=\\"label\\"><span class=\\"req\\">*</span>Main Usage</p>
                  <div class=\\"form-group\\"><select name=\\"building.0.buildingPredominateUseId\\" type=\\"number\\" id=\\"input-building.0.buildingPredominateUseId-fast\\" class=\\"form-control\\">
                      <option value=\\"\\">Must Select One</option>
                    </select></div>
                </div>
                <div class=\\"row\\">
                  <p class=\\"label\\"><span class=\\"req\\">*</span>Construction Type</p>
                  <div class=\\"form-group\\"><select name=\\"building.0.buildingConstructionTypeId\\" type=\\"number\\" id=\\"input-building.0.buildingConstructionTypeId-fast\\" class=\\"form-control\\">
                      <option value=\\"\\">Must Select One</option>
                    </select></div>
                </div>
                <div class=\\"row\\">
                  <p class=\\"label\\">Number of Floors</p>
                  <div class=\\"form-group\\"><input name=\\"building.0.buildingFloorCount\\" style=\\"width: 100px;\\" type=\\"number\\" id=\\"input-building.0.buildingFloorCount\\" class=\\"input-small form-control\\" value=\\"\\"></div>
                </div>
                <div class=\\"row\\">
                  <p class=\\"label\\"></p>
                  <div class=\\"input-medium harmful\\">
                    <p><span class=\\"req\\">*</span>Would this information be harmful if released?&nbsp;<a target=\\"_blank\\" rel=\\"noopener noreferrer\\" href=\\"https://www2.gov.bc.ca/gov/content/governments/services-for-government/policies-procedures/foippa-manual/disclosure-harmful-individual-public-safety\\">Policy</a></p>
                    <div class=\\"form-group\\">
                      <div class=\\"check-field\\">
                        <div class=\\"form-check\\"><input name=\\"building.0.isSensitive\\" type=\\"radio\\" id=\\"input-building.0.isSensitive\\" class=\\"form-check-input\\" value=\\"false\\"><label title=\\"\\" for=\\"input-building.0.isSensitive\\" class=\\"form-check-label\\">Yes</label></div>
                        <div class=\\"form-check\\"><input name=\\"building.0.isSensitive\\" type=\\"radio\\" id=\\"input-building.0.isSensitive-2\\" class=\\"form-check-input\\" value=\\"true\\" checked=\\"\\"><label title=\\"\\" for=\\"input-building.0.isSensitive-2\\" class=\\"form-check-label\\">No</label></div>
                      </div>
                    </div>
                  </div>
                </div>
              </div>
            </div>
            <hr>
            <div class=\\"row\\">
              <h4>Location</h4>
            </div>
            <div class=\\"row\\">
              <div class=\\"col\\">
                <div class=\\"field-row row\\">
                  <p class=\\"label\\"><span class=\\"req\\">*</span>Street Address</p>
                  <div class=\\"GeocoderAutoComplete\\">
                    <div>
                      <div class=\\"form-group\\"><input name=\\"building.0.address.line1\\" field=\\"building.0.address.line1\\" id=\\"input-building.0.address.line1\\" class=\\"form-control\\" value=\\"\\"></div>
                    </div>
                  </div>
                </div>
                <div class=\\"field-row row\\">
                  <p class=\\"label\\"><span class=\\"req\\">*</span>Location</p>
                  <div class=\\"sc-AxjAm gLmrxD form-group\\">
                    <div class=\\"rbt\\" style=\\"outline: none; position: relative;\\" tabindex=\\"-1\\">
                      <div style=\\"display: flex; flex: 1; height: 100%; position: relative;\\"><input autocomplete=\\"off\\" type=\\"text\\" name=\\"building.0.address.administrativeArea\\" id=\\"building.0.address.administrativeArea-field\\" aria-autocomplete=\\"both\\" aria-expanded=\\"false\\" aria-haspopup=\\"listbox\\" role=\\"combobox\\" class=\\"rbt-input-main form-control rbt-input\\" value=\\"\\"><input aria-hidden=\\"true\\" class=\\"rbt-input-hint\\" readonly=\\"\\" style=\\"background-color: transparent; border-color: transparent; box-shadow: none; color: rgba(0, 0, 0, 0.35); left: 0px; pointer-events: none; position: absolute; top: 0px; width: 100%; border-style: inset inset inset inset; border-width: 2px 2px 2px 2px; line-height: normal; padding: 1px 1px 1px 1px;\\" tabindex=\\"-1\\" value=\\"\\"></div>
                    </div>
                  </div>
                </div>
                <div class=\\"field-row row\\">
                  <p class=\\"label\\">Province</p>
                  <div class=\\"form-group\\"><select name=\\"building.0.address.provinceId\\" disabled=\\"\\" id=\\"input-building.0.address.provinceId\\" class=\\"form-select form-control\\">
                      <option value=\\"\\">Must Select One</option>
                    </select></div>
                </div>
                <div class=\\"postal row\\">
                  <p class=\\"label\\">Postal Code</p>
                  <div class=\\"form-group\\"><input name=\\"building.0.address.postal\\" style=\\"width: 120px;\\" id=\\"input-building.0.address.postal\\" class=\\"input-small form-control\\" value=\\"\\"></div>
                </div>
              </div>
              <div class=\\"col\\">
                <div class=\\"lat-long\\" style=\\"position: relative;\\">
                  <div class=\\"row\\">
                    <div class=\\"col-md-9\\">
                      <div class=\\"instruction\\">
                        <p>Drag and drop the pin on the map to mark the location of this building, or if you already have the coordinates, you can enter them manually in the fields below.</p>
                      </div>
                    </div>
                    <div class=\\"marker-svg col\\"><button class=\\"sc-AxmLO izxXov\\"><svg>draft-building-icon.svg</svg></button></div>
                  </div>
                  <div class=\\"form-row\\">
                    <p class=\\"label\\"><span class=\\"req\\">*</span>Latitude</p>
                    <div class=\\"form-group\\"><input name=\\"building.0.latitude\\" type=\\"number\\" id=\\"input-building.0.latitude\\" class=\\"input-medium form-control\\" value=\\"\\"></div>
                  </div>
                  <div class=\\"form-row\\">
                    <p class=\\"label\\"><span class=\\"req\\">*</span>Longitude</p>
                    <div class=\\"form-group\\"><input name=\\"building.0.longitude\\" type=\\"number\\" id=\\"input-building.0.longitude\\" class=\\"input-medium form-control\\" value=\\"\\"></div>
                  </div>
                </div>
              </div>
            </div>
          </div>
        </div>
      </div>
      <div class=\\"sc-fzoVTD jeJpz\\">
        <div class=\\"sc-fzpkJw bcujmr\\">
          <div class=\\"SresManual\\">
            <div><svg stroke=\\"currentColor\\" fill=\\"none\\" stroke-width=\\"2\\" viewBox=\\"0 0 24 24\\" stroke-linecap=\\"round\\" stroke-linejoin=\\"round\\" size=\\"28\\" height=\\"28\\" width=\\"28\\" xmlns=\\"http://www.w3.org/2000/svg\\">
                <path d=\\"M2 3h6a4 4 0 0 1 4 4v14a3 3 0 0 0-3-3H2z\\"></path>
                <path d=\\"M22 3h-6a4 4 0 0 0-4 4v14a3 3 0 0 1 3-3h7z\\"></path>
              </svg></div>
          </div><small class=\\"sc-fznzOf kDlsJ p-1 mr-2\\">Inventory Policy</small>
        </div><span class=\\"sc-fzpisO hqwTnu\\"></span><button type=\\"button\\" class=\\"btn btn-primary btn-sm\\">Continue</button>
      </div>
    </div>
  </form>
</div>"
`;
