// Jest Snapshot v1, https://goo.gl/fbAQLP

exports[`FilterBar renders correctly 1`] = `
<form
  className=""
  noValidate={true}
  onSubmit={[Function]}
>
  <div
    className="filter-bar form-row"
  >
    <div
      className="bar-item col"
    >
      <div
        className="input-group"
      >
        <div
          className="input-group-prepend"
        >
          <div
            className="form-group"
          >
            <select
              className="form-select form-control"
              id="input-searchBy"
              name="searchBy"
              onBlur={[Function]}
              onChange={[Function]}
              value="address"
            >
              <option
                className="option"
                value="address"
              >
                Address
              </option>
              <option
                className="option"
                value="pid"
              >
                PID/PIN
              </option>
              <option
                className="option"
                value="administrativeArea"
              >
                Location
              </option>
              <option
                className="option"
                value="projectNumber"
              >
                RAEG or SPP No.
              </option>
            </select>
          </div>
        </div>
        <div
          className="input-group-content"
        >
          <div
            className="form-group"
          >
            <input
              className="form-control"
              id="input-address"
              name="address"
              onBlur={[Function]}
              onChange={[Function]}
              placeholder="Enter an address or location"
              value=""
            />
          </div>
        </div>
      </div>
    </div>
    <div
      className="bar-item col"
    >
      <div
        className="form-group"
      >
        <select
          className="form-select form-control"
          id="input-agencies"
          name="agencies"
          onBlur={[Function]}
          onChange={[Function]}
          value=""
        >
          <option
            value=""
          >
            Enter an Agency
          </option>
          <option
            className="option"
            value="1"
          >
            AEST
          </option>
          <option
            className="option"
            value="2"
          >
            HTLH
          </option>
          <option
            className="option"
            value="3"
          >
            MOTI
          </option>
          <option
            className="option"
            value="4"
          >
            FLNR
          </option>
          <option
            className="option"
            value="5"
          >
            MAH
          </option>
        </select>
      </div>
    </div>
    <div
      className="bar-item col"
    >
      <div
        className="form-group"
      >
        <select
          className="form-select form-control"
          id="input-classificationId"
          name="classificationId"
          onBlur={[Function]}
          onChange={[Function]}
          value=""
        >
          <option
            value=""
          >
            Classification
          </option>
          <option
            className="option"
            value="0"
          >
            Core Operational
          </option>
          <option
            className="option"
            value="1"
          >
            Core Strategic
          </option>
          <option
            className="option"
            value="2"
          >
            Surplus Active
          </option>
          <option
            className="option"
            value="3"
          >
            Surplus Encumbered
          </option>
        </select>
      </div>
    </div>
    <div
      className="bar-item d-flex align-items-center col"
    >
      <div
        className="form-group"
      >
        <input
          className="form-control"
          id="input-minLotSize"
          name="minLotSize"
          onBlur={[Function]}
          onChange={[Function]}
          placeholder="Min Lot Size"
          value=""
        />
      </div>
      <span
        className="mx-2"
      >
        -
      </span>
      <div
        className="form-group"
      >
        <input
          className="form-control"
          id="input-maxLotSize"
          name="maxLotSize"
          onBlur={[Function]}
          onChange={[Function]}
          placeholder="Max Lot Size"
          value=""
        />
      </div>
    </div>
    <div
      className="bar-item flex-grow-0 col"
    >
      <button
        className="Button Button--icon-only bg-warning btn btn-primary"
        disabled={false}
        onBlur={[Function]}
        onFocus={[Function]}
        onMouseOut={[Function]}
        onMouseOver={[Function]}
        type="submit"
      >
        <div
          className="Button__icon"
        >
          <svg
            fill="currentColor"
            height={20}
            size={20}
            stroke="currentColor"
            strokeWidth="0"
            style={
              Object {
                "color": undefined,
              }
            }
            viewBox="0 0 512 512"
            width={20}
            xmlns="http://www.w3.org/2000/svg"
          >
            <path
              d="M505 442.7L405.3 343c-4.5-4.5-10.6-7-17-7H372c27.6-35.3 44-79.7 44-128C416 93.1 322.9 0 208 0S0 93.1 0 208s93.1 208 208 208c48.3 0 92.7-16.4 128-44v16.3c0 6.4 2.5 12.5 7 17l99.7 99.7c9.4 9.4 24.6 9.4 33.9 0l28.3-28.3c9.4-9.4 9.4-24.6.1-34zM208 336c-70.7 0-128-57.2-128-128 0-70.7 57.2-128 128-128 70.7 0 128 57.2 128 128 0 70.7-57.2 128-128 128z"
            />
          </svg>
        </div>
      </button>
    </div>
    <div
      className="bar-item flex-grow-0 col"
    >
      <button
        className="Button Button--icon-only btn btn-outline-primary"
        disabled={false}
        onBlur={[Function]}
        onClick={[Function]}
        onFocus={[Function]}
        onMouseOut={[Function]}
        onMouseOver={[Function]}
        type="reset"
      >
        <div
          className="Button__icon"
        >
          <svg
            fill="currentColor"
            height={20}
            size={20}
            stroke="currentColor"
            strokeWidth="0"
            style={
              Object {
                "color": undefined,
              }
            }
            viewBox="0 0 512 512"
            width={20}
            xmlns="http://www.w3.org/2000/svg"
          >
            <path
              d="M212.333 224.333H12c-6.627 0-12-5.373-12-12V12C0 5.373 5.373 0 12 0h48c6.627 0 12 5.373 12 12v78.112C117.773 39.279 184.26 7.47 258.175 8.007c136.906.994 246.448 111.623 246.157 248.532C504.041 393.258 393.12 504 256.333 504c-64.089 0-122.496-24.313-166.51-64.215-5.099-4.622-5.334-12.554-.467-17.42l33.967-33.967c4.474-4.474 11.662-4.717 16.401-.525C170.76 415.336 211.58 432 256.333 432c97.268 0 176-78.716 176-176 0-97.267-78.716-176-176-176-58.496 0-110.28 28.476-142.274 72.333h98.274c6.627 0 12 5.373 12 12v48c0 6.627-5.373 12-12 12z"
            />
          </svg>
        </div>
      </button>
    </div>
  </div>
</form>
`;
