// Jest Snapshot v1, https://goo.gl/fbAQLP

exports[`ParcelDetail Functionality ParcelDetailForm renders view-only correctly 1`] = `
<div
  class="Toastify"
/>
`;

exports[`ParcelDetail Functionality field validation ParcelDetailForm renders correctly 1`] = `
<div
  class="parcelDetailForm row no-gutters"
>
  <div
    class="col"
  >
    <form
      class=""
      novalidate=""
    />
  </div>
</div>
`;
